MPLINK 4.48, Linker
Linker Map File - Created Mon Apr 28 11:55:58 2014

                                 Section Info
                  Section       Type    Address   Location Size(Bytes)
                ---------  ---------  ---------  ---------  ---------
               _entry_scn       code   0x002000    program   0x000006
           .code___init.o       code   0x002006    program   0x000002
    HIGH_INTERRUPT_VECTOR       code   0x002008    program   0x000006
        .idata_stdout.o_i    romdata   0x00200e    program   0x000002
     LOW_INTERRUPT_VECTOR       code   0x002018    program   0x000006
                   .cinit    romdata   0x00201e    program   0x00001a
   .code_AtWareGraphics.o       code   0x002038    program   0x000e9c
         .code_vfprintf.o       code   0x002ed4    program   0x000816
                     PROG       code   0x0036ea    program   0x000614
             .code_main.o       code   0x003cfe    program   0x00060a
.romdata_AtWareGraphics.o    romdata   0x004308    program   0x00023a
          .code_teclado.o       code   0x004542    program   0x0000fe
                   STDLIB       code   0x004640    program   0x0000ea
               _cinit_scn       code   0x00472a    program   0x00009e
            .code_delay.o       code   0x0047c8    program   0x000090
                   STRING       code   0x004858    program   0x000066
             .code_putc.o       code   0x0048be    program   0x000066
           .code_printf.o       code   0x004924    program   0x000064
             _startup_scn       code   0x004988    program   0x000038
             .stringtable    romdata   0x0049c0    program   0x000037
      .idata_vfprintf.o_i    romdata   0x0049f7    program   0x000000
        .romdata_stdout.o    romdata   0x0049f7    program   0x000000
          .idata_putc.o_i    romdata   0x0049f7    program   0x000000
          .romdata_main.o    romdata   0x0049f7    program   0x000000
          .romdata_putc.o    romdata   0x0049f7    program   0x000000
        .romdata_printf.o    romdata   0x0049f7    program   0x000000
        .idata_printf.o_i    romdata   0x0049f7    program   0x000000
        .romdata___init.o    romdata   0x0049f7    program   0x000000
        .idata___init.o_i    romdata   0x0049f7    program   0x000000
.idata_AtWareGraphics.o_i    romdata   0x0049f7    program   0x000000
       .romdata_teclado.o    romdata   0x0049f7    program   0x000000
       .idata_teclado.o_i    romdata   0x0049f7    program   0x000000
         .idata_delay.o_i    romdata   0x0049f7    program   0x000000
       .romdata_startup.o    romdata   0x0049f7    program   0x000000
       .idata_startup.o_i    romdata   0x0049f7    program   0x000000
         .romdata_delay.o    romdata   0x0049f7    program   0x000000
           .code_stdout.o       code   0x0049f8    program   0x000000
                    CTYPE       code   0x0049f8    program   0x000024
          .code_startup.o       code   0x0049f8    program   0x000000
                    .code       code   0x004a1c    program   0x000020
                    STDIO       code   0x004a3c    program   0x00001c
      .romdata_vfprintf.o    romdata   0x004a58    program   0x000011
          .idata_main.o_i    romdata   0x004a69    program   0x000018
  .udata_AtWareGraphics.o      udata   0x000000       data   0x000092
            .idata_main.o      idata   0x000092       data   0x000018
                 .tmpdata      udata   0x0000aa       data   0x000012
         .udata_startup.o      udata   0x0000bc       data   0x00000e
                MATH_DATA      udata   0x0000ca       data   0x000004
            .udata_main.o      udata   0x0000ce       data   0x000004
          .idata_stdout.o      idata   0x0000d2       data   0x000002
            .idata_putc.o      idata   0x0000d4       data   0x000000
            .udata_putc.o      udata   0x0000d4       data   0x000000
        .idata_vfprintf.o      idata   0x0000d4       data   0x000000
        .udata_vfprintf.o      udata   0x0000d4       data   0x000000
          .udata_stdout.o      udata   0x0000d4       data   0x000000
          .idata_printf.o      idata   0x0000d4       data   0x000000
          .udata_printf.o      udata   0x0000d4       data   0x000000
          .idata___init.o      idata   0x0000d4       data   0x000000
          .udata___init.o      udata   0x0000d4       data   0x000000
  .idata_AtWareGraphics.o      idata   0x0000d4       data   0x000000
         .idata_teclado.o      idata   0x0000d4       data   0x000000
         .udata_teclado.o      udata   0x0000d4       data   0x000000
         .idata_startup.o      idata   0x0000d4       data   0x000000
           .idata_delay.o      idata   0x0000d4       data   0x000000
           .udata_delay.o      udata   0x0000d4       data   0x000000
                   .stack      udata   0x000700       data   0x000100
            SFR_UNBANKED0      udata   0x000f62       data   0x00009e



                              Program Memory Usage 
                               Start         End      
                           ---------   ---------      
                            0x002000    0x00200f      
                            0x002018    0x0049f6      
                            0x0049f8    0x004a80      
            10872 out of 24576 program addresses used, program memory utilization is 44%



                              Symbols - Sorted by Name
                     Name    Address   Location    Storage File                     
                ---------  ---------  ---------  --------- ---------                
                 ATGClear   0x002074    program     extern C:\Documents and Settings\Pedro\Escritorio\PICGraphics\Clear.c
        ATGConsolePutChar   0x002156    program     extern C:\Documents and Settings\Pedro\Escritorio\PICGraphics\Console.c
               ATGEllipse   0x00220a    program     extern C:\Documents and Settings\Pedro\Escritorio\PICGraphics\Ellipse.c
            ATGFillLimits   0x002682    program     extern C:\Documents and Settings\Pedro\Escritorio\PICGraphics\Fill.c
                  ATGHide   0x002064    program     extern C:\Documents and Settings\Pedro\Escritorio\PICGraphics\AtWareGraphics.c
                  ATGInit   0x002038    program     extern C:\Documents and Settings\Pedro\Escritorio\PICGraphics\AtWareGraphics.c
                  ATGLine   0x00270a    program     extern C:\Documents and Settings\Pedro\Escritorio\PICGraphics\Line.c
            ATGLineLimits   0x0027d0    program     extern C:\Documents and Settings\Pedro\Escritorio\PICGraphics\LineLimit.c
                  ATGPoly   0x002890    program     extern C:\Documents and Settings\Pedro\Escritorio\PICGraphics\Poly.c
               ATGPolyROM   0x0028c0    program     extern C:\Documents and Settings\Pedro\Escritorio\PICGraphics\Poly.c
           ATGResetLimits   0x002642    program     extern C:\Documents and Settings\Pedro\Escritorio\PICGraphics\Fill.c
         ATGScrollConsole   0x0020cc    program     extern C:\Documents and Settings\Pedro\Escritorio\PICGraphics\Console.c
              ATGSetLimit   0x002592    program     extern C:\Documents and Settings\Pedro\Escritorio\PICGraphics\Fill.c
              ATGSetPixel   0x002524    program     extern C:\Documents and Settings\Pedro\Escritorio\PICGraphics\SetPixel.c
                  ATGShow   0x00206c    program     extern C:\Documents and Settings\Pedro\Escritorio\PICGraphics\AtWareGraphics.c
     ATGSystemFontCharOut   0x002a6e    program     extern C:\Documents and Settings\Pedro\Escritorio\PICGraphics\SystemText.c
 ATGWriteCombineNx8Sprite   0x00293a    program     extern C:\Documents and Settings\Pedro\Escritorio\PICGraphics\Sprite.c
                  Encoder   0x003cfe    program     extern C:\Encoder\main.c        
        HighInterruptHook   0x002008    program     extern C:\Encoder\main.c        
          HighPriorityISR   0x003f0a    program     extern C:\Encoder\main.c        
                   KB_Get   0x004632    program     extern C:\Encoder\teclado.c     
                   KB_Hit   0x00454c    program     extern C:\Encoder\teclado.c     
                  KB_Read   0x00455c    program     extern C:\Encoder\teclado.c     
                  KB_Wait   0x004542    program     extern C:\Encoder\teclado.c     
         LowInterruptHook   0x002018    program     extern C:\Encoder\main.c        
           LowPriorityISR   0x003f1c    program     extern C:\Encoder\main.c        
                  RESTORE   0x003c4e    program     static E:\c18v3.46\pic18-lt\cxx-framework\src\extended\math\div32u.asm
              RETQUOTIENT   0x003c3e    program     static E:\c18v3.46\pic18-lt\cxx-framework\src\extended\math\div32u.asm
                 SETUPSTK   0x003bb8    program     static E:\c18v3.46\pic18-lt\cxx-framework\src\extended\math\div32u.asm
            SystemFont5x7   0x004310    program     extern C:\Documents and Settings\Pedro\Escritorio\PICGraphics\SystemText.c
 USBOverlayCommandHandler   0x003f42    program     extern C:\Encoder\main.c        
         User_ATGReadData   0x003e7e    program     extern C:\Encoder\main.c        
       User_ATGReadStatus   0x003eea    program     extern C:\Encoder\main.c        
     User_ATGWriteCommand   0x003ecc    program     extern C:\Encoder\main.c        
        User_ATGWriteData   0x003eae    program     extern C:\Encoder\main.c        
                   _2jEnd   0x0048a8    program     static E:\c18v3.46\pic18-lt\cxx-framework\src\extended\stdclib\slenpgm.asm
                 __FpPack   0x003834    program     extern E:\c18v3.46\pic18-lt\cxx-framework\src\extended\math\packFP.asm
            __FpReturnNaN   0x0038b6    program     extern E:\c18v3.46\pic18-lt\cxx-framework\src\extended\math\packFP.asm
         __FpReturnNegInf   0x0038c8    program     extern E:\c18v3.46\pic18-lt\cxx-framework\src\extended\math\packFP.asm
        __FpReturnNegZero   0x0038e0    program     extern E:\c18v3.46\pic18-lt\cxx-framework\src\extended\math\packFP.asm
         __FpReturnPosInf   0x0038ce    program     extern E:\c18v3.46\pic18-lt\cxx-framework\src\extended\math\packFP.asm
        __FpReturnPosZero   0x0038e8    program     extern E:\c18v3.46\pic18-lt\cxx-framework\src\extended\math\packFP.asm
        __FpReturnSignInf   0x0038c4    program     extern E:\c18v3.46\pic18-lt\cxx-framework\src\extended\math\packFP.asm
       __FpReturnSignZero   0x0038dc    program     extern E:\c18v3.46\pic18-lt\cxx-framework\src\extended\math\packFP.asm
              __FpReturnW   0x00388c    program     extern E:\c18v3.46\pic18-lt\cxx-framework\src\extended\math\packFP.asm
              __FpUnPackA   0x0038ee    program     extern E:\c18v3.46\pic18-lt\cxx-framework\src\extended\math\unpackFP.asm
              __FpUnPackB   0x00391e    program     extern E:\c18v3.46\pic18-lt\cxx-framework\src\extended\math\unpackFP.asm
           ___do_lbl00007   0x003e80    program     static                          
           ___do_lbl00008   0x003e86    program     static                          
           ___do_lbl00009   0x003e7e    program     static                          
           ___do_lbl00010   0x003e92    program     static                          
           ___do_lbl00011   0x003e98    program     static                          
           ___do_lbl00012   0x003e90    program     static                          
           ___do_lbl00014   0x003eb0    program     static                          
           ___do_lbl00015   0x003eb6    program     static                          
           ___do_lbl00016   0x003eae    program     static                          
           ___do_lbl00018   0x003ece    program     static                          
           ___do_lbl00019   0x003ed4    program     static                          
           ___do_lbl00020   0x003ecc    program     static                          
         ___else_lbl00023   0x003ef6    program     static                          
           ___if_lbl00022   0x003ef8    program     static                          
       ___return_lbl00000   0x002004    program     static                          
       ___return_lbl00001   0x0049be    program     static                          
       ___return_lbl00002   0x0047c6    program     static                          
       ___return_lbl00006   0x003eac    program     static                          
       ___return_lbl00013   0x003eca    program     static                          
       ___return_lbl00017   0x003ee8    program     static                          
       ___return_lbl00021   0x003f08    program     static                          
       ___return_lbl00024   0x00200c    program     static                          
       ___return_lbl00025   0x00201c    program     static                          
                  __addFP   0x0036ee    program     extern E:\c18v3.46\pic18-lt\cxx-framework\src\extended\math\addFP.asm
              __cast08sFP   0x00394e    program     extern E:\c18v3.46\pic18-lt\cxx-framework\src\extended\math\cast08FP.asm
              __cast08uFP   0x00394a    program     extern E:\c18v3.46\pic18-lt\cxx-framework\src\extended\math\cast08FP.asm
               __castFP16   0x003984    program     extern E:\c18v3.46\pic18-lt\cxx-framework\src\extended\math\castFP16.asm
                 __div32u   0x003bd0    program     extern E:\c18v3.46\pic18-lt\cxx-framework\src\extended\math\div32u.asm
                   __init   0x002006    program     extern E:\c18v3.46\pic18-lt\cxx-framework\src\extended\stdclib\__init.c
                 __mod32u   0x003bd6    program     extern E:\c18v3.46\pic18-lt\cxx-framework\src\extended\math\div32u.asm
                  __mul24   0x003a0a    program     extern E:\c18v3.46\pic18-lt\cxx-framework\src\extended\math\mul24.asm
                  __mul32   0x003c5c    program     extern E:\c18v3.46\pic18-lt\cxx-framework\src\extended\math\mul32.asm
                  __mulFP   0x003aca    program     extern E:\c18v3.46\pic18-lt\cxx-framework\src\extended\math\mulFP.asm
                   __pa_0   0x003596    program     static E:\c18v3.46\pic18-lt\cxx-framework\src\extended\stdclib\vfprintf.c
                   __pa_0   0x002b28    program     static C:\Documents and Settings\Pedro\Escritorio\PICGraphics\Ellipse.c
                   __pa_1   0x002b42    program     static C:\Documents and Settings\Pedro\Escritorio\PICGraphics\Ellipse.c
                   __pa_1   0x0035a4    program     static E:\c18v3.46\pic18-lt\cxx-framework\src\extended\stdclib\vfprintf.c
                  __pa_10   0x003632    program     static E:\c18v3.46\pic18-lt\cxx-framework\src\extended\stdclib\vfprintf.c
                  __pa_10   0x002c02    program     static C:\Documents and Settings\Pedro\Escritorio\PICGraphics\Line.c
                  __pa_11   0x003642    program     static E:\c18v3.46\pic18-lt\cxx-framework\src\extended\stdclib\vfprintf.c
                  __pa_11   0x002c28    program     static C:\Documents and Settings\Pedro\Escritorio\PICGraphics\LineLimit.c
                  __pa_12   0x003652    program     static E:\c18v3.46\pic18-lt\cxx-framework\src\extended\stdclib\vfprintf.c
                  __pa_12   0x002c3c    program     static C:\Documents and Settings\Pedro\Escritorio\PICGraphics\Fill.c
                  __pa_13   0x003660    program     static E:\c18v3.46\pic18-lt\cxx-framework\src\extended\stdclib\vfprintf.c
                  __pa_13   0x002c46    program     static C:\Documents and Settings\Pedro\Escritorio\PICGraphics\Poly.c
                  __pa_14   0x00367e    program     static E:\c18v3.46\pic18-lt\cxx-framework\src\extended\stdclib\vfprintf.c
                  __pa_14   0x002c64    program     static C:\Documents and Settings\Pedro\Escritorio\PICGraphics\Ellipse.c
                  __pa_15   0x002c7c    program     static C:\Documents and Settings\Pedro\Escritorio\PICGraphics\Line.c
                  __pa_15   0x003688    program     static E:\c18v3.46\pic18-lt\cxx-framework\src\extended\stdclib\vfprintf.c
                  __pa_16   0x002c96    program     static C:\Documents and Settings\Pedro\Escritorio\PICGraphics\Ellipse.c
                  __pa_16   0x00368e    program     static E:\c18v3.46\pic18-lt\cxx-framework\src\extended\stdclib\vfprintf.c
                  __pa_17   0x002cae    program     static C:\Documents and Settings\Pedro\Escritorio\PICGraphics\Ellipse.c
                  __pa_17   0x00369e    program     static E:\c18v3.46\pic18-lt\cxx-framework\src\extended\stdclib\vfprintf.c
                  __pa_18   0x0036aa    program     static E:\c18v3.46\pic18-lt\cxx-framework\src\extended\stdclib\vfprintf.c
                  __pa_18   0x002cc4    program     static C:\Documents and Settings\Pedro\Escritorio\PICGraphics\Line.c
                  __pa_19   0x002cda    program     static C:\Documents and Settings\Pedro\Escritorio\PICGraphics\Line.c
                  __pa_19   0x0036b8    program     static E:\c18v3.46\pic18-lt\cxx-framework\src\extended\stdclib\vfprintf.c
                   __pa_2   0x002b5c    program     static C:\Documents and Settings\Pedro\Escritorio\PICGraphics\Fill.c
                   __pa_2   0x0035b4    program     static E:\c18v3.46\pic18-lt\cxx-framework\src\extended\stdclib\vfprintf.c
                  __pa_20   0x002cf0    program     static C:\Documents and Settings\Pedro\Escritorio\PICGraphics\Poly.c
                  __pa_20   0x0036c2    program     static E:\c18v3.46\pic18-lt\cxx-framework\src\extended\stdclib\vfprintf.c
                  __pa_21   0x002d06    program     static C:\Documents and Settings\Pedro\Escritorio\PICGraphics\Ellipse.c
                  __pa_21   0x0036cc    program     static E:\c18v3.46\pic18-lt\cxx-framework\src\extended\stdclib\vfprintf.c
                  __pa_22   0x002d14    program     static C:\Documents and Settings\Pedro\Escritorio\PICGraphics\Ellipse.c
                  __pa_22   0x0036d6    program     static E:\c18v3.46\pic18-lt\cxx-framework\src\extended\stdclib\vfprintf.c
                  __pa_23   0x0036e4    program     static E:\c18v3.46\pic18-lt\cxx-framework\src\extended\stdclib\vfprintf.c
                  __pa_23   0x002d22    program     static C:\Documents and Settings\Pedro\Escritorio\PICGraphics\Ellipse.c
                  __pa_24   0x002d32    program     static C:\Documents and Settings\Pedro\Escritorio\PICGraphics\Ellipse.c
                  __pa_25   0x002d42    program     static C:\Documents and Settings\Pedro\Escritorio\PICGraphics\Ellipse.c
                  __pa_26   0x002d52    program     static C:\Documents and Settings\Pedro\Escritorio\PICGraphics\Ellipse.c
                  __pa_27   0x002d62    program     static C:\Documents and Settings\Pedro\Escritorio\PICGraphics\SetPixel.c
                  __pa_28   0x002d70    program     static C:\Documents and Settings\Pedro\Escritorio\PICGraphics\Fill.c
                  __pa_29   0x002d84    program     static C:\Documents and Settings\Pedro\Escritorio\PICGraphics\Ellipse.c
                   __pa_3   0x002b6e    program     static C:\Documents and Settings\Pedro\Escritorio\PICGraphics\Console.c
                   __pa_3   0x0035c0    program     static E:\c18v3.46\pic18-lt\cxx-framework\src\extended\stdclib\vfprintf.c
                  __pa_30   0x002d96    program     static C:\Documents and Settings\Pedro\Escritorio\PICGraphics\Sprite.c
                  __pa_31   0x002da2    program     static C:\Documents and Settings\Pedro\Escritorio\PICGraphics\Sprite.c
                  __pa_32   0x002dac    program     static C:\Documents and Settings\Pedro\Escritorio\PICGraphics\Ellipse.c
                  __pa_33   0x002dbc    program     static C:\Documents and Settings\Pedro\Escritorio\PICGraphics\Line.c
                  __pa_34   0x002dcc    program     static C:\Documents and Settings\Pedro\Escritorio\PICGraphics\Line.c
                  __pa_35   0x002ddc    program     static C:\Documents and Settings\Pedro\Escritorio\PICGraphics\SystemText.c
                  __pa_36   0x002dec    program     static C:\Documents and Settings\Pedro\Escritorio\PICGraphics\Ellipse.c
                  __pa_37   0x002dfa    program     static C:\Documents and Settings\Pedro\Escritorio\PICGraphics\Ellipse.c
                  __pa_38   0x002e08    program     static C:\Documents and Settings\Pedro\Escritorio\PICGraphics\Ellipse.c
                  __pa_39   0x002e16    program     static C:\Documents and Settings\Pedro\Escritorio\PICGraphics\SetPixel.c
                   __pa_4   0x0035d4    program     static E:\c18v3.46\pic18-lt\cxx-framework\src\extended\stdclib\vfprintf.c
                   __pa_4   0x002b80    program     static C:\Documents and Settings\Pedro\Escritorio\PICGraphics\Clear.c
                  __pa_40   0x002e24    program     static C:\Documents and Settings\Pedro\Escritorio\PICGraphics\Poly.c
                  __pa_41   0x002e32    program     static C:\Documents and Settings\Pedro\Escritorio\PICGraphics\Poly.c
                  __pa_42   0x002e3a    program     static C:\Documents and Settings\Pedro\Escritorio\PICGraphics\Ellipse.c
                  __pa_43   0x002e4a    program     static C:\Documents and Settings\Pedro\Escritorio\PICGraphics\Ellipse.c
                  __pa_44   0x002e5a    program     static C:\Documents and Settings\Pedro\Escritorio\PICGraphics\Fill.c
                  __pa_45   0x002e70    program     static C:\Documents and Settings\Pedro\Escritorio\PICGraphics\Ellipse.c
                  __pa_46   0x002e7e    program     static C:\Documents and Settings\Pedro\Escritorio\PICGraphics\Ellipse.c
                  __pa_47   0x002e8c    program     static C:\Documents and Settings\Pedro\Escritorio\PICGraphics\Ellipse.c
                  __pa_48   0x002e9e    program     static C:\Documents and Settings\Pedro\Escritorio\PICGraphics\Ellipse.c
                  __pa_49   0x002eb0    program     static C:\Documents and Settings\Pedro\Escritorio\PICGraphics\Ellipse.c
                   __pa_5   0x002b92    program     static C:\Documents and Settings\Pedro\Escritorio\PICGraphics\Ellipse.c
                   __pa_5   0x0035e6    program     static E:\c18v3.46\pic18-lt\cxx-framework\src\extended\stdclib\vfprintf.c
                  __pa_50   0x002eb8    program     static C:\Documents and Settings\Pedro\Escritorio\PICGraphics\Console.c
                  __pa_51   0x002ec2    program     static C:\Documents and Settings\Pedro\Escritorio\PICGraphics\SetPixel.c
                  __pa_52   0x002ec8    program     static C:\Documents and Settings\Pedro\Escritorio\PICGraphics\Fill.c
                  __pa_53   0x002ece    program     static C:\Documents and Settings\Pedro\Escritorio\PICGraphics\Sprite.c
                   __pa_6   0x002b9a    program     static C:\Documents and Settings\Pedro\Escritorio\PICGraphics\Fill.c
                   __pa_6   0x0035f6    program     static E:\c18v3.46\pic18-lt\cxx-framework\src\extended\stdclib\vfprintf.c
                   __pa_7   0x002ba4    program     static C:\Documents and Settings\Pedro\Escritorio\PICGraphics\Sprite.c
                   __pa_7   0x003608    program     static E:\c18v3.46\pic18-lt\cxx-framework\src\extended\stdclib\vfprintf.c
                   __pa_8   0x002bb0    program     static C:\Documents and Settings\Pedro\Escritorio\PICGraphics\Line.c
                   __pa_8   0x003614    program     static E:\c18v3.46\pic18-lt\cxx-framework\src\extended\stdclib\vfprintf.c
                   __pa_9   0x002bdc    program     static C:\Documents and Settings\Pedro\Escritorio\PICGraphics\Line.c
                   __pa_9   0x003626    program     static E:\c18v3.46\pic18-lt\cxx-framework\src\extended\stdclib\vfprintf.c
               __string_0   0x0049e7    program     static C:\Encoder\main.c        
               __string_1   0x0049da    program     static C:\Encoder\main.c        
               __string_2   0x0049cd    program     static C:\Encoder\main.c        
               __string_3   0x0049c0    program     static C:\Encoder\main.c        
                  __subFP   0x0036ea    program     extern E:\c18v3.46\pic18-lt\cxx-framework\src\extended\math\addFP.asm
               __tmplbl_5   0x002e32    program     static                          
            __zero_memory   0x004a1c    program     extern E:\c18v3.46\pic18-lt\cxx-framework\src\extended\proc\p18f4553.asm
                _do_cinit   0x00472a    program     extern C:\Encoder\startup.c     
            _early32uexit   0x003bda    program     extern E:\c18v3.46\pic18-lt\cxx-framework\src\extended\math\div32u.asm
                   _entry   0x002000    program     extern C:\Encoder\startup.c     
                   _false   0x003c1e    program     static E:\c18v3.46\pic18-lt\cxx-framework\src\extended\math\div32u.asm
                 _startup   0x004988    program     extern C:\Encoder\startup.c     
              _usart_putc   0x004a3c    program     extern E:\c18v3.46\pic18-lt\cxx-framework\src\pmc_common\USART\_usartpc.asm
               _user_putc   0x003e60    program     extern C:\Encoder\main.c        
                     atoi   0x004640    program     extern E:\c18v3.46\pic18-lt\cxx-framework\src\extended\stdclib\atoi.asm
                compare_l   0x004a32    program     static E:\c18v3.46\pic18-lt\cxx-framework\src\extended\proc\p18f4553.asm
                copy_loop   0x00479c    program     static                          
            copy_one_byte   0x0047a2    program     static                          
               delay_10us   0x004820    program     extern C:\Encoder\delay.c       
                 delay_ms   0x0047c8    program     extern C:\Encoder\delay.c       
                divmod32u   0x003bdc    program     static E:\c18v3.46\pic18-lt\cxx-framework\src\extended\math\div32u.asm
                     done   0x0047c6    program     static                          
             done_copying   0x0047b0    program     static                          
   g_EspecialCharacterMap   0x00452c    program     extern C:\Documents and Settings\Pedro\Escritorio\PICGraphics\SystemText.c
            g_LookUpPixel   0x004308    program     extern C:\Documents and Settings\Pedro\Escritorio\PICGraphics\AtWareGraphics.c
   high_interrupt_handler   0x003e20    program     extern C:\Encoder\main.c        
                  isdigit   0x0049f8    program     extern E:\c18v3.46\pic18-lt\cxx-framework\src\extended\stdclib\isdigit.asm
                 jANotInf   0x003730    program     static E:\c18v3.46\pic18-lt\cxx-framework\src\extended\math\addFP.asm
                 jANotInf   0x003afc    program     static E:\c18v3.46\pic18-lt\cxx-framework\src\extended\math\mulFP.asm
                 jANotNeg   0x0037c4    program     static E:\c18v3.46\pic18-lt\cxx-framework\src\extended\math\addFP.asm
              jAandWsetup   0x003794    program     static E:\c18v3.46\pic18-lt\cxx-framework\src\extended\math\addFP.asm
                 jAltBexp   0x003782    program     static E:\c18v3.46\pic18-lt\cxx-framework\src\extended\math\addFP.asm
                jBANotInf   0x003726    program     static E:\c18v3.46\pic18-lt\cxx-framework\src\extended\math\addFP.asm
                 jBNotInf   0x00373e    program     static E:\c18v3.46\pic18-lt\cxx-framework\src\extended\math\addFP.asm
                     jBeg   0x003950    program     static E:\c18v3.46\pic18-lt\cxx-framework\src\extended\math\cast08FP.asm
                     jBeg   0x0036f0    program     static E:\c18v3.46\pic18-lt\cxx-framework\src\extended\math\addFP.asm
              jBothFinite   0x003b0a    program     static E:\c18v3.46\pic18-lt\cxx-framework\src\extended\math\mulFP.asm
             jBothNotZero   0x003b16    program     static E:\c18v3.46\pic18-lt\cxx-framework\src\extended\math\mulFP.asm
            jDifOrPosSign   0x003752    program     static E:\c18v3.46\pic18-lt\cxx-framework\src\extended\math\addFP.asm
                    jDone   0x0039f4    program     static E:\c18v3.46\pic18-lt\cxx-framework\src\extended\math\castFP16.asm
                     jEnd   0x004872    program     static E:\c18v3.46\pic18-lt\cxx-framework\src\extended\stdclib\strlen.asm
                     jEnd   0x0048aa    program     static E:\c18v3.46\pic18-lt\cxx-framework\src\extended\stdclib\slenpgm.asm
                     jEnd   0x0046fe    program     static E:\c18v3.46\pic18-lt\cxx-framework\src\extended\stdclib\atoi.asm
                 jEndLoop   0x0046e6    program     static E:\c18v3.46\pic18-lt\cxx-framework\src\extended\stdclib\atoi.asm
                    jExit   0x0038a8    program     static E:\c18v3.46\pic18-lt\cxx-framework\src\extended\math\packFP.asm
                    jExit   0x0039fc    program     static E:\c18v3.46\pic18-lt\cxx-framework\src\extended\math\castFP16.asm
               jFinalSign   0x00382c    program     static E:\c18v3.46\pic18-lt\cxx-framework\src\extended\math\addFP.asm
                jHaveZero   0x003b12    program     static E:\c18v3.46\pic18-lt\cxx-framework\src\extended\math\mulFP.asm
                    jLoop   0x0039d4    program     static E:\c18v3.46\pic18-lt\cxx-framework\src\extended\math\castFP16.asm
                    jLoop   0x004698    program     static E:\c18v3.46\pic18-lt\cxx-framework\src\extended\stdclib\atoi.asm
                    jLoop   0x004892    program     static E:\c18v3.46\pic18-lt\cxx-framework\src\extended\stdclib\slenpgm.asm
                    jLoop   0x004868    program     static E:\c18v3.46\pic18-lt\cxx-framework\src\extended\stdclib\strlen.asm
                jLoopExit   0x0039e4    program     static E:\c18v3.46\pic18-lt\cxx-framework\src\extended\math\castFP16.asm
                   jMatch   0x004a18    program     static E:\c18v3.46\pic18-lt\cxx-framework\src\extended\stdclib\isdigit.asm
                     jMax   0x0039a8    program     static E:\c18v3.46\pic18-lt\cxx-framework\src\extended\math\castFP16.asm
                  jMaxNeg   0x0039b6    program     static E:\c18v3.46\pic18-lt\cxx-framework\src\extended\math\castFP16.asm
                  jMaxPos   0x0039ac    program     static E:\c18v3.46\pic18-lt\cxx-framework\src\extended\math\castFP16.asm
                 jNoMatch   0x004a1a    program     static E:\c18v3.46\pic18-lt\cxx-framework\src\extended\stdclib\isdigit.asm
             jNotBothZero   0x003756    program     static E:\c18v3.46\pic18-lt\cxx-framework\src\extended\math\addFP.asm
                  jNotInf   0x0039c4    program     static E:\c18v3.46\pic18-lt\cxx-framework\src\extended\math\castFP16.asm
                  jNotNeg   0x003970    program     static E:\c18v3.46\pic18-lt\cxx-framework\src\extended\math\cast08FP.asm
                  jPkLoop   0x003842    program     static E:\c18v3.46\pic18-lt\cxx-framework\src\extended\math\packFP.asm
             jPkRoundDone   0x00388c    program     static E:\c18v3.46\pic18-lt\cxx-framework\src\extended\math\packFP.asm
               jPkRoundIt   0x003874    program     static E:\c18v3.46\pic18-lt\cxx-framework\src\extended\math\packFP.asm
             jPkShiftDone   0x00385e    program     static E:\c18v3.46\pic18-lt\cxx-framework\src\extended\math\packFP.asm
           jReturnPosInf0   0x0038d2    program     static E:\c18v3.46\pic18-lt\cxx-framework\src\extended\math\packFP.asm
               jShiftDone   0x0037ec    program     static E:\c18v3.46\pic18-lt\cxx-framework\src\extended\math\addFP.asm
               jShiftLoop   0x0037de    program     static E:\c18v3.46\pic18-lt\cxx-framework\src\extended\math\addFP.asm
                jSignDone   0x00381c    program     static E:\c18v3.46\pic18-lt\cxx-framework\src\extended\math\addFP.asm
                  jSkipWS   0x00466e    program     static E:\c18v3.46\pic18-lt\cxx-framework\src\extended\stdclib\atoi.asm
                 jSkipWS1   0x004680    program     static E:\c18v3.46\pic18-lt\cxx-framework\src\extended\stdclib\atoi.asm
                 jTstSign   0x004684    program     static E:\c18v3.46\pic18-lt\cxx-framework\src\extended\stdclib\atoi.asm
                jTstSign1   0x004690    program     static E:\c18v3.46\pic18-lt\cxx-framework\src\extended\stdclib\atoi.asm
                jTstSign2   0x004696    program     static E:\c18v3.46\pic18-lt\cxx-framework\src\extended\stdclib\atoi.asm
                jTstSign3   0x004698    program     static E:\c18v3.46\pic18-lt\cxx-framework\src\extended\stdclib\atoi.asm
                  jUnpkA1   0x0038f8    program     static E:\c18v3.46\pic18-lt\cxx-framework\src\extended\math\unpackFP.asm
                  jUnpkA2   0x003910    program     static E:\c18v3.46\pic18-lt\cxx-framework\src\extended\math\unpackFP.asm
                 jUnpkANZ   0x003906    program     static E:\c18v3.46\pic18-lt\cxx-framework\src\extended\math\unpackFP.asm
                  jUnpkB1   0x003928    program     static E:\c18v3.46\pic18-lt\cxx-framework\src\extended\math\unpackFP.asm
                  jUnpkB2   0x003940    program     static E:\c18v3.46\pic18-lt\cxx-framework\src\extended\math\unpackFP.asm
                 jUnpkBNZ   0x003936    program     static E:\c18v3.46\pic18-lt\cxx-framework\src\extended\math\unpackFP.asm
                 jUnpkNaN   0x00391a    program     static E:\c18v3.46\pic18-lt\cxx-framework\src\extended\math\unpackFP.asm
                 jWNotNeg   0x0037d8    program     static E:\c18v3.46\pic18-lt\cxx-framework\src\extended\math\addFP.asm
                    jZero   0x0039be    program     static E:\c18v3.46\pic18-lt\cxx-framework\src\extended\math\castFP16.asm
               jZero1and2   0x0038d6    program     static E:\c18v3.46\pic18-lt\cxx-framework\src\extended\math\packFP.asm
                     loop   0x003bea    program     static E:\c18v3.46\pic18-lt\cxx-framework\src\extended\math\div32u.asm
                     loop   0x004a4c    program     static E:\c18v3.46\pic18-lt\cxx-framework\src\pmc_common\USART\_usartpc.asm
                   loop_h   0x004a2a    program     static E:\c18v3.46\pic18-lt\cxx-framework\src\extended\proc\p18f4553.asm
                   loop_l   0x004a34    program     static E:\c18v3.46\pic18-lt\cxx-framework\src\extended\proc\p18f4553.asm
    low_interrupt_handler   0x003e3a    program     extern C:\Encoder\main.c        
                     main   0x0041f0    program     extern C:\Encoder\main.c        
                   printf   0x004924    program     extern E:\c18v3.46\pic18-lt\cxx-framework\src\extended\stdclib\printf.c
                     putc   0x0048be    program     extern E:\c18v3.46\pic18-lt\cxx-framework\src\extended\stdclib\putc.c
                 s_digits   0x004a58    program     static E:\c18v3.46\pic18-lt\cxx-framework\src\extended\stdclib\vfprintf.c
            s_put_n_chars   0x002ed4    program     static E:\c18v3.46\pic18-lt\cxx-framework\src\extended\stdclib\vfprintf.c
                   strlen   0x004858    program     extern E:\c18v3.46\pic18-lt\cxx-framework\src\extended\stdclib\strlen.asm
                strlenpgm   0x004874    program     extern E:\c18v3.46\pic18-lt\cxx-framework\src\extended\stdclib\slenpgm.asm
                     test   0x004744    program     static                          
                 vfprintf   0x002f06    program     extern E:\c18v3.46\pic18-lt\cxx-framework\src\extended\stdclib\vfprintf.c
               zero_block   0x004a2a    program     static E:\c18v3.46\pic18-lt\cxx-framework\src\extended\proc\p18f4553.asm
                   ADCON0   0x000fc2       data     extern E:\c18v3.46\pic18-lt\cxx-framework\src\extended\proc\p18f4553.asm
               ADCON0bits   0x000fc2       data     extern E:\c18v3.46\pic18-lt\cxx-framework\src\extended\proc\p18f4553.asm
                   ADCON1   0x000fc1       data     extern E:\c18v3.46\pic18-lt\cxx-framework\src\extended\proc\p18f4553.asm
               ADCON1bits   0x000fc1       data     extern E:\c18v3.46\pic18-lt\cxx-framework\src\extended\proc\p18f4553.asm
                   ADCON2   0x000fc0       data     extern E:\c18v3.46\pic18-lt\cxx-framework\src\extended\proc\p18f4553.asm
               ADCON2bits   0x000fc0       data     extern E:\c18v3.46\pic18-lt\cxx-framework\src\extended\proc\p18f4553.asm
                    ADRES   0x000fc3       data     extern E:\c18v3.46\pic18-lt\cxx-framework\src\extended\proc\p18f4553.asm
                   ADRESH   0x000fc4       data     extern E:\c18v3.46\pic18-lt\cxx-framework\src\extended\proc\p18f4553.asm
                   ADRESL   0x000fc3       data     extern E:\c18v3.46\pic18-lt\cxx-framework\src\extended\proc\p18f4553.asm
                  BAUDCON   0x000fb8       data     extern E:\c18v3.46\pic18-lt\cxx-framework\src\extended\proc\p18f4553.asm
              BAUDCONbits   0x000fb8       data     extern E:\c18v3.46\pic18-lt\cxx-framework\src\extended\proc\p18f4553.asm
                  BAUDCTL   0x000fb8       data     extern E:\c18v3.46\pic18-lt\cxx-framework\src\extended\proc\p18f4553.asm
              BAUDCTLbits   0x000fb8       data     extern E:\c18v3.46\pic18-lt\cxx-framework\src\extended\proc\p18f4553.asm
                      BSR   0x000fe0       data     extern E:\c18v3.46\pic18-lt\cxx-framework\src\extended\proc\p18f4553.asm
                   CCP1AS   0x000fb6       data     extern E:\c18v3.46\pic18-lt\cxx-framework\src\extended\proc\p18f4553.asm
               CCP1ASbits   0x000fb6       data     extern E:\c18v3.46\pic18-lt\cxx-framework\src\extended\proc\p18f4553.asm
                  CCP1CON   0x000fbd       data     extern E:\c18v3.46\pic18-lt\cxx-framework\src\extended\proc\p18f4553.asm
              CCP1CONbits   0x000fbd       data     extern E:\c18v3.46\pic18-lt\cxx-framework\src\extended\proc\p18f4553.asm
                  CCP1DEL   0x000fb7       data     extern E:\c18v3.46\pic18-lt\cxx-framework\src\extended\proc\p18f4553.asm
              CCP1DELbits   0x000fb7       data     extern E:\c18v3.46\pic18-lt\cxx-framework\src\extended\proc\p18f4553.asm
                  CCP2CON   0x000fba       data     extern E:\c18v3.46\pic18-lt\cxx-framework\src\extended\proc\p18f4553.asm
              CCP2CONbits   0x000fba       data     extern E:\c18v3.46\pic18-lt\cxx-framework\src\extended\proc\p18f4553.asm
                    CCPR1   0x000fbe       data     extern E:\c18v3.46\pic18-lt\cxx-framework\src\extended\proc\p18f4553.asm
                   CCPR1H   0x000fbf       data     extern E:\c18v3.46\pic18-lt\cxx-framework\src\extended\proc\p18f4553.asm
                   CCPR1L   0x000fbe       data     extern E:\c18v3.46\pic18-lt\cxx-framework\src\extended\proc\p18f4553.asm
                    CCPR2   0x000fbb       data     extern E:\c18v3.46\pic18-lt\cxx-framework\src\extended\proc\p18f4553.asm
                   CCPR2H   0x000fbc       data     extern E:\c18v3.46\pic18-lt\cxx-framework\src\extended\proc\p18f4553.asm
                   CCPR2L   0x000fbb       data     extern E:\c18v3.46\pic18-lt\cxx-framework\src\extended\proc\p18f4553.asm
                    CMCON   0x000fb4       data     extern E:\c18v3.46\pic18-lt\cxx-framework\src\extended\proc\p18f4553.asm
                CMCONbits   0x000fb4       data     extern E:\c18v3.46\pic18-lt\cxx-framework\src\extended\proc\p18f4553.asm
                   CVRCON   0x000fb5       data     extern E:\c18v3.46\pic18-lt\cxx-framework\src\extended\proc\p18f4553.asm
               CVRCONbits   0x000fb5       data     extern E:\c18v3.46\pic18-lt\cxx-framework\src\extended\proc\p18f4553.asm
                     DDRA   0x000f92       data     extern E:\c18v3.46\pic18-lt\cxx-framework\src\extended\proc\p18f4553.asm
                 DDRAbits   0x000f92       data     extern E:\c18v3.46\pic18-lt\cxx-framework\src\extended\proc\p18f4553.asm
                     DDRB   0x000f93       data     extern E:\c18v3.46\pic18-lt\cxx-framework\src\extended\proc\p18f4553.asm
                 DDRBbits   0x000f93       data     extern E:\c18v3.46\pic18-lt\cxx-framework\src\extended\proc\p18f4553.asm
                     DDRC   0x000f94       data     extern E:\c18v3.46\pic18-lt\cxx-framework\src\extended\proc\p18f4553.asm
                 DDRCbits   0x000f94       data     extern E:\c18v3.46\pic18-lt\cxx-framework\src\extended\proc\p18f4553.asm
                     DDRD   0x000f95       data     extern E:\c18v3.46\pic18-lt\cxx-framework\src\extended\proc\p18f4553.asm
                 DDRDbits   0x000f95       data     extern E:\c18v3.46\pic18-lt\cxx-framework\src\extended\proc\p18f4553.asm
                     DDRE   0x000f96       data     extern E:\c18v3.46\pic18-lt\cxx-framework\src\extended\proc\p18f4553.asm
                 DDREbits   0x000f96       data     extern E:\c18v3.46\pic18-lt\cxx-framework\src\extended\proc\p18f4553.asm
                  ECCP1AS   0x000fb6       data     extern E:\c18v3.46\pic18-lt\cxx-framework\src\extended\proc\p18f4553.asm
              ECCP1ASbits   0x000fb6       data     extern E:\c18v3.46\pic18-lt\cxx-framework\src\extended\proc\p18f4553.asm
                 ECCP1CON   0x000fbd       data     extern E:\c18v3.46\pic18-lt\cxx-framework\src\extended\proc\p18f4553.asm
             ECCP1CONbits   0x000fbd       data     extern E:\c18v3.46\pic18-lt\cxx-framework\src\extended\proc\p18f4553.asm
                 ECCP1DEL   0x000fb7       data     extern E:\c18v3.46\pic18-lt\cxx-framework\src\extended\proc\p18f4553.asm
             ECCP1DELbits   0x000fb7       data     extern E:\c18v3.46\pic18-lt\cxx-framework\src\extended\proc\p18f4553.asm
                    EEADR   0x000fa9       data     extern E:\c18v3.46\pic18-lt\cxx-framework\src\extended\proc\p18f4553.asm
                   EECON1   0x000fa6       data     extern E:\c18v3.46\pic18-lt\cxx-framework\src\extended\proc\p18f4553.asm
               EECON1bits   0x000fa6       data     extern E:\c18v3.46\pic18-lt\cxx-framework\src\extended\proc\p18f4553.asm
                   EECON2   0x000fa7       data     extern E:\c18v3.46\pic18-lt\cxx-framework\src\extended\proc\p18f4553.asm
                   EEDATA   0x000fa8       data     extern E:\c18v3.46\pic18-lt\cxx-framework\src\extended\proc\p18f4553.asm
                     FSR0   0x000fe9       data     extern E:\c18v3.46\pic18-lt\cxx-framework\src\extended\proc\p18f4553.asm
                    FSR0H   0x000fea       data     extern E:\c18v3.46\pic18-lt\cxx-framework\src\extended\proc\p18f4553.asm
                    FSR0L   0x000fe9       data     extern E:\c18v3.46\pic18-lt\cxx-framework\src\extended\proc\p18f4553.asm
                     FSR1   0x000fe1       data     extern E:\c18v3.46\pic18-lt\cxx-framework\src\extended\proc\p18f4553.asm
                    FSR1H   0x000fe2       data     extern E:\c18v3.46\pic18-lt\cxx-framework\src\extended\proc\p18f4553.asm
                    FSR1L   0x000fe1       data     extern E:\c18v3.46\pic18-lt\cxx-framework\src\extended\proc\p18f4553.asm
                     FSR2   0x000fd9       data     extern E:\c18v3.46\pic18-lt\cxx-framework\src\extended\proc\p18f4553.asm
                    FSR2H   0x000fda       data     extern E:\c18v3.46\pic18-lt\cxx-framework\src\extended\proc\p18f4553.asm
                    FSR2L   0x000fd9       data     extern E:\c18v3.46\pic18-lt\cxx-framework\src\extended\proc\p18f4553.asm
                  HLVDCON   0x000fd2       data     extern E:\c18v3.46\pic18-lt\cxx-framework\src\extended\proc\p18f4553.asm
              HLVDCONbits   0x000fd2       data     extern E:\c18v3.46\pic18-lt\cxx-framework\src\extended\proc\p18f4553.asm
                    INDF0   0x000fef       data     extern E:\c18v3.46\pic18-lt\cxx-framework\src\extended\proc\p18f4553.asm
                    INDF1   0x000fe7       data     extern E:\c18v3.46\pic18-lt\cxx-framework\src\extended\proc\p18f4553.asm
                    INDF2   0x000fdf       data     extern E:\c18v3.46\pic18-lt\cxx-framework\src\extended\proc\p18f4553.asm
                   INTCON   0x000ff2       data     extern E:\c18v3.46\pic18-lt\cxx-framework\src\extended\proc\p18f4553.asm
                  INTCON2   0x000ff1       data     extern E:\c18v3.46\pic18-lt\cxx-framework\src\extended\proc\p18f4553.asm
              INTCON2bits   0x000ff1       data     extern E:\c18v3.46\pic18-lt\cxx-framework\src\extended\proc\p18f4553.asm
                  INTCON3   0x000ff0       data     extern E:\c18v3.46\pic18-lt\cxx-framework\src\extended\proc\p18f4553.asm
              INTCON3bits   0x000ff0       data     extern E:\c18v3.46\pic18-lt\cxx-framework\src\extended\proc\p18f4553.asm
               INTCONbits   0x000ff2       data     extern E:\c18v3.46\pic18-lt\cxx-framework\src\extended\proc\p18f4553.asm
                     IPR1   0x000f9f       data     extern E:\c18v3.46\pic18-lt\cxx-framework\src\extended\proc\p18f4553.asm
                 IPR1bits   0x000f9f       data     extern E:\c18v3.46\pic18-lt\cxx-framework\src\extended\proc\p18f4553.asm
                     IPR2   0x000fa2       data     extern E:\c18v3.46\pic18-lt\cxx-framework\src\extended\proc\p18f4553.asm
                 IPR2bits   0x000fa2       data     extern E:\c18v3.46\pic18-lt\cxx-framework\src\extended\proc\p18f4553.asm
                     LATA   0x000f89       data     extern E:\c18v3.46\pic18-lt\cxx-framework\src\extended\proc\p18f4553.asm
                 LATAbits   0x000f89       data     extern E:\c18v3.46\pic18-lt\cxx-framework\src\extended\proc\p18f4553.asm
                     LATB   0x000f8a       data     extern E:\c18v3.46\pic18-lt\cxx-framework\src\extended\proc\p18f4553.asm
                 LATBbits   0x000f8a       data     extern E:\c18v3.46\pic18-lt\cxx-framework\src\extended\proc\p18f4553.asm
                     LATC   0x000f8b       data     extern E:\c18v3.46\pic18-lt\cxx-framework\src\extended\proc\p18f4553.asm
                 LATCbits   0x000f8b       data     extern E:\c18v3.46\pic18-lt\cxx-framework\src\extended\proc\p18f4553.asm
                     LATD   0x000f8c       data     extern E:\c18v3.46\pic18-lt\cxx-framework\src\extended\proc\p18f4553.asm
                 LATDbits   0x000f8c       data     extern E:\c18v3.46\pic18-lt\cxx-framework\src\extended\proc\p18f4553.asm
                     LATE   0x000f8d       data     extern E:\c18v3.46\pic18-lt\cxx-framework\src\extended\proc\p18f4553.asm
                 LATEbits   0x000f8d       data     extern E:\c18v3.46\pic18-lt\cxx-framework\src\extended\proc\p18f4553.asm
                   LVDCON   0x000fd2       data     extern E:\c18v3.46\pic18-lt\cxx-framework\src\extended\proc\p18f4553.asm
               LVDCONbits   0x000fd2       data     extern E:\c18v3.46\pic18-lt\cxx-framework\src\extended\proc\p18f4553.asm
                   OSCCON   0x000fd3       data     extern E:\c18v3.46\pic18-lt\cxx-framework\src\extended\proc\p18f4553.asm
               OSCCONbits   0x000fd3       data     extern E:\c18v3.46\pic18-lt\cxx-framework\src\extended\proc\p18f4553.asm
                  OSCTUNE   0x000f9b       data     extern E:\c18v3.46\pic18-lt\cxx-framework\src\extended\proc\p18f4553.asm
              OSCTUNEbits   0x000f9b       data     extern E:\c18v3.46\pic18-lt\cxx-framework\src\extended\proc\p18f4553.asm
                       PC   0x000ff9       data     extern E:\c18v3.46\pic18-lt\cxx-framework\src\extended\proc\p18f4553.asm
                      PCL   0x000ff9       data     extern E:\c18v3.46\pic18-lt\cxx-framework\src\extended\proc\p18f4553.asm
                   PCLATH   0x000ffa       data     extern E:\c18v3.46\pic18-lt\cxx-framework\src\extended\proc\p18f4553.asm
                   PCLATU   0x000ffb       data     extern E:\c18v3.46\pic18-lt\cxx-framework\src\extended\proc\p18f4553.asm
                     PIE1   0x000f9d       data     extern E:\c18v3.46\pic18-lt\cxx-framework\src\extended\proc\p18f4553.asm
                 PIE1bits   0x000f9d       data     extern E:\c18v3.46\pic18-lt\cxx-framework\src\extended\proc\p18f4553.asm
                     PIE2   0x000fa0       data     extern E:\c18v3.46\pic18-lt\cxx-framework\src\extended\proc\p18f4553.asm
                 PIE2bits   0x000fa0       data     extern E:\c18v3.46\pic18-lt\cxx-framework\src\extended\proc\p18f4553.asm
                     PIR1   0x000f9e       data     extern E:\c18v3.46\pic18-lt\cxx-framework\src\extended\proc\p18f4553.asm
                 PIR1bits   0x000f9e       data     extern E:\c18v3.46\pic18-lt\cxx-framework\src\extended\proc\p18f4553.asm
                     PIR2   0x000fa1       data     extern E:\c18v3.46\pic18-lt\cxx-framework\src\extended\proc\p18f4553.asm
                 PIR2bits   0x000fa1       data     extern E:\c18v3.46\pic18-lt\cxx-framework\src\extended\proc\p18f4553.asm
                   PLUSW0   0x000feb       data     extern E:\c18v3.46\pic18-lt\cxx-framework\src\extended\proc\p18f4553.asm
                   PLUSW1   0x000fe3       data     extern E:\c18v3.46\pic18-lt\cxx-framework\src\extended\proc\p18f4553.asm
                   PLUSW2   0x000fdb       data     extern E:\c18v3.46\pic18-lt\cxx-framework\src\extended\proc\p18f4553.asm
                    PORTA   0x000f80       data     extern E:\c18v3.46\pic18-lt\cxx-framework\src\extended\proc\p18f4553.asm
                PORTAbits   0x000f80       data     extern E:\c18v3.46\pic18-lt\cxx-framework\src\extended\proc\p18f4553.asm
                    PORTB   0x000f81       data     extern E:\c18v3.46\pic18-lt\cxx-framework\src\extended\proc\p18f4553.asm
                PORTBbits   0x000f81       data     extern E:\c18v3.46\pic18-lt\cxx-framework\src\extended\proc\p18f4553.asm
                    PORTC   0x000f82       data     extern E:\c18v3.46\pic18-lt\cxx-framework\src\extended\proc\p18f4553.asm
                PORTCbits   0x000f82       data     extern E:\c18v3.46\pic18-lt\cxx-framework\src\extended\proc\p18f4553.asm
                    PORTD   0x000f83       data     extern E:\c18v3.46\pic18-lt\cxx-framework\src\extended\proc\p18f4553.asm
                PORTDbits   0x000f83       data     extern E:\c18v3.46\pic18-lt\cxx-framework\src\extended\proc\p18f4553.asm
                    PORTE   0x000f84       data     extern E:\c18v3.46\pic18-lt\cxx-framework\src\extended\proc\p18f4553.asm
                PORTEbits   0x000f84       data     extern E:\c18v3.46\pic18-lt\cxx-framework\src\extended\proc\p18f4553.asm
                 POSTDEC0   0x000fed       data     extern E:\c18v3.46\pic18-lt\cxx-framework\src\extended\proc\p18f4553.asm
                 POSTDEC1   0x000fe5       data     extern E:\c18v3.46\pic18-lt\cxx-framework\src\extended\proc\p18f4553.asm
                 POSTDEC2   0x000fdd       data     extern E:\c18v3.46\pic18-lt\cxx-framework\src\extended\proc\p18f4553.asm
                 POSTINC0   0x000fee       data     extern E:\c18v3.46\pic18-lt\cxx-framework\src\extended\proc\p18f4553.asm
                 POSTINC1   0x000fe6       data     extern E:\c18v3.46\pic18-lt\cxx-framework\src\extended\proc\p18f4553.asm
                 POSTINC2   0x000fde       data     extern E:\c18v3.46\pic18-lt\cxx-framework\src\extended\proc\p18f4553.asm
                      PR2   0x000fcb       data     extern E:\c18v3.46\pic18-lt\cxx-framework\src\extended\proc\p18f4553.asm
                  PREINC0   0x000fec       data     extern E:\c18v3.46\pic18-lt\cxx-framework\src\extended\proc\p18f4553.asm
                  PREINC1   0x000fe4       data     extern E:\c18v3.46\pic18-lt\cxx-framework\src\extended\proc\p18f4553.asm
                  PREINC2   0x000fdc       data     extern E:\c18v3.46\pic18-lt\cxx-framework\src\extended\proc\p18f4553.asm
                     PROD   0x000ff3       data     extern E:\c18v3.46\pic18-lt\cxx-framework\src\extended\proc\p18f4553.asm
                    PRODH   0x000ff4       data     extern E:\c18v3.46\pic18-lt\cxx-framework\src\extended\proc\p18f4553.asm
                    PRODL   0x000ff3       data     extern E:\c18v3.46\pic18-lt\cxx-framework\src\extended\proc\p18f4553.asm
            PosicionMayor   0x0000a6       data     extern C:\Encoder\main.c        
            PosicionMenor   0x0000a2       data     extern C:\Encoder\main.c        
                     RCON   0x000fd0       data     extern E:\c18v3.46\pic18-lt\cxx-framework\src\extended\proc\p18f4553.asm
                 RCONbits   0x000fd0       data     extern E:\c18v3.46\pic18-lt\cxx-framework\src\extended\proc\p18f4553.asm
                    RCREG   0x000fae       data     extern E:\c18v3.46\pic18-lt\cxx-framework\src\extended\proc\p18f4553.asm
                    RCSTA   0x000fab       data     extern E:\c18v3.46\pic18-lt\cxx-framework\src\extended\proc\p18f4553.asm
                RCSTAbits   0x000fab       data     extern E:\c18v3.46\pic18-lt\cxx-framework\src\extended\proc\p18f4553.asm
                    SPBRG   0x000faf       data     extern E:\c18v3.46\pic18-lt\cxx-framework\src\extended\proc\p18f4553.asm
                   SPBRGH   0x000fb0       data     extern E:\c18v3.46\pic18-lt\cxx-framework\src\extended\proc\p18f4553.asm
                   SPPCFG   0x000f63       data     extern E:\c18v3.46\pic18-lt\cxx-framework\src\extended\proc\p18f4553.asm
               SPPCFGbits   0x000f63       data     extern E:\c18v3.46\pic18-lt\cxx-framework\src\extended\proc\p18f4553.asm
                   SPPCON   0x000f65       data     extern E:\c18v3.46\pic18-lt\cxx-framework\src\extended\proc\p18f4553.asm
               SPPCONbits   0x000f65       data     extern E:\c18v3.46\pic18-lt\cxx-framework\src\extended\proc\p18f4553.asm
                  SPPDATA   0x000f62       data     extern E:\c18v3.46\pic18-lt\cxx-framework\src\extended\proc\p18f4553.asm
                   SPPEPS   0x000f64       data     extern E:\c18v3.46\pic18-lt\cxx-framework\src\extended\proc\p18f4553.asm
               SPPEPSbits   0x000f64       data     extern E:\c18v3.46\pic18-lt\cxx-framework\src\extended\proc\p18f4553.asm
                   SSPADD   0x000fc8       data     extern E:\c18v3.46\pic18-lt\cxx-framework\src\extended\proc\p18f4553.asm
                   SSPBUF   0x000fc9       data     extern E:\c18v3.46\pic18-lt\cxx-framework\src\extended\proc\p18f4553.asm
                  SSPCON1   0x000fc6       data     extern E:\c18v3.46\pic18-lt\cxx-framework\src\extended\proc\p18f4553.asm
              SSPCON1bits   0x000fc6       data     extern E:\c18v3.46\pic18-lt\cxx-framework\src\extended\proc\p18f4553.asm
                  SSPCON2   0x000fc5       data     extern E:\c18v3.46\pic18-lt\cxx-framework\src\extended\proc\p18f4553.asm
              SSPCON2bits   0x000fc5       data     extern E:\c18v3.46\pic18-lt\cxx-framework\src\extended\proc\p18f4553.asm
                  SSPSTAT   0x000fc7       data     extern E:\c18v3.46\pic18-lt\cxx-framework\src\extended\proc\p18f4553.asm
              SSPSTATbits   0x000fc7       data     extern E:\c18v3.46\pic18-lt\cxx-framework\src\extended\proc\p18f4553.asm
                   STATUS   0x000fd8       data     extern E:\c18v3.46\pic18-lt\cxx-framework\src\extended\proc\p18f4553.asm
               STATUSbits   0x000fd8       data     extern E:\c18v3.46\pic18-lt\cxx-framework\src\extended\proc\p18f4553.asm
                   STKPTR   0x000ffc       data     extern E:\c18v3.46\pic18-lt\cxx-framework\src\extended\proc\p18f4553.asm
               STKPTRbits   0x000ffc       data     extern E:\c18v3.46\pic18-lt\cxx-framework\src\extended\proc\p18f4553.asm
                    T0CON   0x000fd5       data     extern E:\c18v3.46\pic18-lt\cxx-framework\src\extended\proc\p18f4553.asm
                T0CONbits   0x000fd5       data     extern E:\c18v3.46\pic18-lt\cxx-framework\src\extended\proc\p18f4553.asm
                    T1CON   0x000fcd       data     extern E:\c18v3.46\pic18-lt\cxx-framework\src\extended\proc\p18f4553.asm
                T1CONbits   0x000fcd       data     extern E:\c18v3.46\pic18-lt\cxx-framework\src\extended\proc\p18f4553.asm
                    T2CON   0x000fca       data     extern E:\c18v3.46\pic18-lt\cxx-framework\src\extended\proc\p18f4553.asm
                T2CONbits   0x000fca       data     extern E:\c18v3.46\pic18-lt\cxx-framework\src\extended\proc\p18f4553.asm
                    T3CON   0x000fb1       data     extern E:\c18v3.46\pic18-lt\cxx-framework\src\extended\proc\p18f4553.asm
                T3CONbits   0x000fb1       data     extern E:\c18v3.46\pic18-lt\cxx-framework\src\extended\proc\p18f4553.asm
                   TABLAT   0x000ff5       data     extern E:\c18v3.46\pic18-lt\cxx-framework\src\extended\proc\p18f4553.asm
                   TBLPTR   0x000ff6       data     extern E:\c18v3.46\pic18-lt\cxx-framework\src\extended\proc\p18f4553.asm
                  TBLPTRH   0x000ff7       data     extern E:\c18v3.46\pic18-lt\cxx-framework\src\extended\proc\p18f4553.asm
                  TBLPTRL   0x000ff6       data     extern E:\c18v3.46\pic18-lt\cxx-framework\src\extended\proc\p18f4553.asm
                  TBLPTRU   0x000ff8       data     extern E:\c18v3.46\pic18-lt\cxx-framework\src\extended\proc\p18f4553.asm
                    TMR0H   0x000fd7       data     extern E:\c18v3.46\pic18-lt\cxx-framework\src\extended\proc\p18f4553.asm
                    TMR0L   0x000fd6       data     extern E:\c18v3.46\pic18-lt\cxx-framework\src\extended\proc\p18f4553.asm
                    TMR1H   0x000fcf       data     extern E:\c18v3.46\pic18-lt\cxx-framework\src\extended\proc\p18f4553.asm
                    TMR1L   0x000fce       data     extern E:\c18v3.46\pic18-lt\cxx-framework\src\extended\proc\p18f4553.asm
                     TMR2   0x000fcc       data     extern E:\c18v3.46\pic18-lt\cxx-framework\src\extended\proc\p18f4553.asm
                    TMR3H   0x000fb3       data     extern E:\c18v3.46\pic18-lt\cxx-framework\src\extended\proc\p18f4553.asm
                    TMR3L   0x000fb2       data     extern E:\c18v3.46\pic18-lt\cxx-framework\src\extended\proc\p18f4553.asm
                      TOS   0x000ffd       data     extern E:\c18v3.46\pic18-lt\cxx-framework\src\extended\proc\p18f4553.asm
                     TOSH   0x000ffe       data     extern E:\c18v3.46\pic18-lt\cxx-framework\src\extended\proc\p18f4553.asm
                     TOSL   0x000ffd       data     extern E:\c18v3.46\pic18-lt\cxx-framework\src\extended\proc\p18f4553.asm
                     TOSU   0x000fff       data     extern E:\c18v3.46\pic18-lt\cxx-framework\src\extended\proc\p18f4553.asm
                    TRISA   0x000f92       data     extern E:\c18v3.46\pic18-lt\cxx-framework\src\extended\proc\p18f4553.asm
                TRISAbits   0x000f92       data     extern E:\c18v3.46\pic18-lt\cxx-framework\src\extended\proc\p18f4553.asm
                    TRISB   0x000f93       data     extern E:\c18v3.46\pic18-lt\cxx-framework\src\extended\proc\p18f4553.asm
                TRISBbits   0x000f93       data     extern E:\c18v3.46\pic18-lt\cxx-framework\src\extended\proc\p18f4553.asm
                    TRISC   0x000f94       data     extern E:\c18v3.46\pic18-lt\cxx-framework\src\extended\proc\p18f4553.asm
                TRISCbits   0x000f94       data     extern E:\c18v3.46\pic18-lt\cxx-framework\src\extended\proc\p18f4553.asm
                    TRISD   0x000f95       data     extern E:\c18v3.46\pic18-lt\cxx-framework\src\extended\proc\p18f4553.asm
                TRISDbits   0x000f95       data     extern E:\c18v3.46\pic18-lt\cxx-framework\src\extended\proc\p18f4553.asm
                    TRISE   0x000f96       data     extern E:\c18v3.46\pic18-lt\cxx-framework\src\extended\proc\p18f4553.asm
                TRISEbits   0x000f96       data     extern E:\c18v3.46\pic18-lt\cxx-framework\src\extended\proc\p18f4553.asm
                    TXREG   0x000fad       data     extern E:\c18v3.46\pic18-lt\cxx-framework\src\extended\proc\p18f4553.asm
                    TXSTA   0x000fac       data     extern E:\c18v3.46\pic18-lt\cxx-framework\src\extended\proc\p18f4553.asm
                TXSTAbits   0x000fac       data     extern E:\c18v3.46\pic18-lt\cxx-framework\src\extended\proc\p18f4553.asm
                    UADDR   0x000f6e       data     extern E:\c18v3.46\pic18-lt\cxx-framework\src\extended\proc\p18f4553.asm
                UADDRbits   0x000f6e       data     extern E:\c18v3.46\pic18-lt\cxx-framework\src\extended\proc\p18f4553.asm
                     UCFG   0x000f6f       data     extern E:\c18v3.46\pic18-lt\cxx-framework\src\extended\proc\p18f4553.asm
                 UCFGbits   0x000f6f       data     extern E:\c18v3.46\pic18-lt\cxx-framework\src\extended\proc\p18f4553.asm
                     UCON   0x000f6d       data     extern E:\c18v3.46\pic18-lt\cxx-framework\src\extended\proc\p18f4553.asm
                 UCONbits   0x000f6d       data     extern E:\c18v3.46\pic18-lt\cxx-framework\src\extended\proc\p18f4553.asm
                     UEIE   0x000f6b       data     extern E:\c18v3.46\pic18-lt\cxx-framework\src\extended\proc\p18f4553.asm
                 UEIEbits   0x000f6b       data     extern E:\c18v3.46\pic18-lt\cxx-framework\src\extended\proc\p18f4553.asm
                     UEIR   0x000f6a       data     extern E:\c18v3.46\pic18-lt\cxx-framework\src\extended\proc\p18f4553.asm
                 UEIRbits   0x000f6a       data     extern E:\c18v3.46\pic18-lt\cxx-framework\src\extended\proc\p18f4553.asm
                     UEP0   0x000f70       data     extern E:\c18v3.46\pic18-lt\cxx-framework\src\extended\proc\p18f4553.asm
                 UEP0bits   0x000f70       data     extern E:\c18v3.46\pic18-lt\cxx-framework\src\extended\proc\p18f4553.asm
                     UEP1   0x000f71       data     extern E:\c18v3.46\pic18-lt\cxx-framework\src\extended\proc\p18f4553.asm
                    UEP10   0x000f7a       data     extern E:\c18v3.46\pic18-lt\cxx-framework\src\extended\proc\p18f4553.asm
                UEP10bits   0x000f7a       data     extern E:\c18v3.46\pic18-lt\cxx-framework\src\extended\proc\p18f4553.asm
                    UEP11   0x000f7b       data     extern E:\c18v3.46\pic18-lt\cxx-framework\src\extended\proc\p18f4553.asm
                UEP11bits   0x000f7b       data     extern E:\c18v3.46\pic18-lt\cxx-framework\src\extended\proc\p18f4553.asm
                    UEP12   0x000f7c       data     extern E:\c18v3.46\pic18-lt\cxx-framework\src\extended\proc\p18f4553.asm
                UEP12bits   0x000f7c       data     extern E:\c18v3.46\pic18-lt\cxx-framework\src\extended\proc\p18f4553.asm
                    UEP13   0x000f7d       data     extern E:\c18v3.46\pic18-lt\cxx-framework\src\extended\proc\p18f4553.asm
                UEP13bits   0x000f7d       data     extern E:\c18v3.46\pic18-lt\cxx-framework\src\extended\proc\p18f4553.asm
                    UEP14   0x000f7e       data     extern E:\c18v3.46\pic18-lt\cxx-framework\src\extended\proc\p18f4553.asm
                UEP14bits   0x000f7e       data     extern E:\c18v3.46\pic18-lt\cxx-framework\src\extended\proc\p18f4553.asm
                    UEP15   0x000f7f       data     extern E:\c18v3.46\pic18-lt\cxx-framework\src\extended\proc\p18f4553.asm
                UEP15bits   0x000f7f       data     extern E:\c18v3.46\pic18-lt\cxx-framework\src\extended\proc\p18f4553.asm
                 UEP1bits   0x000f71       data     extern E:\c18v3.46\pic18-lt\cxx-framework\src\extended\proc\p18f4553.asm
                     UEP2   0x000f72       data     extern E:\c18v3.46\pic18-lt\cxx-framework\src\extended\proc\p18f4553.asm
                 UEP2bits   0x000f72       data     extern E:\c18v3.46\pic18-lt\cxx-framework\src\extended\proc\p18f4553.asm
                     UEP3   0x000f73       data     extern E:\c18v3.46\pic18-lt\cxx-framework\src\extended\proc\p18f4553.asm
                 UEP3bits   0x000f73       data     extern E:\c18v3.46\pic18-lt\cxx-framework\src\extended\proc\p18f4553.asm
                     UEP4   0x000f74       data     extern E:\c18v3.46\pic18-lt\cxx-framework\src\extended\proc\p18f4553.asm
                 UEP4bits   0x000f74       data     extern E:\c18v3.46\pic18-lt\cxx-framework\src\extended\proc\p18f4553.asm
                     UEP5   0x000f75       data     extern E:\c18v3.46\pic18-lt\cxx-framework\src\extended\proc\p18f4553.asm
                 UEP5bits   0x000f75       data     extern E:\c18v3.46\pic18-lt\cxx-framework\src\extended\proc\p18f4553.asm
                     UEP6   0x000f76       data     extern E:\c18v3.46\pic18-lt\cxx-framework\src\extended\proc\p18f4553.asm
                 UEP6bits   0x000f76       data     extern E:\c18v3.46\pic18-lt\cxx-framework\src\extended\proc\p18f4553.asm
                     UEP7   0x000f77       data     extern E:\c18v3.46\pic18-lt\cxx-framework\src\extended\proc\p18f4553.asm
                 UEP7bits   0x000f77       data     extern E:\c18v3.46\pic18-lt\cxx-framework\src\extended\proc\p18f4553.asm
                     UEP8   0x000f78       data     extern E:\c18v3.46\pic18-lt\cxx-framework\src\extended\proc\p18f4553.asm
                 UEP8bits   0x000f78       data     extern E:\c18v3.46\pic18-lt\cxx-framework\src\extended\proc\p18f4553.asm
                     UEP9   0x000f79       data     extern E:\c18v3.46\pic18-lt\cxx-framework\src\extended\proc\p18f4553.asm
                 UEP9bits   0x000f79       data     extern E:\c18v3.46\pic18-lt\cxx-framework\src\extended\proc\p18f4553.asm
                     UFRM   0x000f66       data     extern E:\c18v3.46\pic18-lt\cxx-framework\src\extended\proc\p18f4553.asm
                    UFRMH   0x000f67       data     extern E:\c18v3.46\pic18-lt\cxx-framework\src\extended\proc\p18f4553.asm
                UFRMHbits   0x000f67       data     extern E:\c18v3.46\pic18-lt\cxx-framework\src\extended\proc\p18f4553.asm
                    UFRML   0x000f66       data     extern E:\c18v3.46\pic18-lt\cxx-framework\src\extended\proc\p18f4553.asm
                UFRMLbits   0x000f66       data     extern E:\c18v3.46\pic18-lt\cxx-framework\src\extended\proc\p18f4553.asm
                      UIE   0x000f69       data     extern E:\c18v3.46\pic18-lt\cxx-framework\src\extended\proc\p18f4553.asm
                  UIEbits   0x000f69       data     extern E:\c18v3.46\pic18-lt\cxx-framework\src\extended\proc\p18f4553.asm
                      UIR   0x000f68       data     extern E:\c18v3.46\pic18-lt\cxx-framework\src\extended\proc\p18f4553.asm
                  UIRbits   0x000f68       data     extern E:\c18v3.46\pic18-lt\cxx-framework\src\extended\proc\p18f4553.asm
                    USTAT   0x000f6c       data     extern E:\c18v3.46\pic18-lt\cxx-framework\src\extended\proc\p18f4553.asm
                USTATbits   0x000f6c       data     extern E:\c18v3.46\pic18-lt\cxx-framework\src\extended\proc\p18f4553.asm
                   WDTCON   0x000fd1       data     extern E:\c18v3.46\pic18-lt\cxx-framework\src\extended\proc\p18f4553.asm
               WDTCONbits   0x000fd1       data     extern E:\c18v3.46\pic18-lt\cxx-framework\src\extended\proc\p18f4553.asm
                     WREG   0x000fe8       data     extern E:\c18v3.46\pic18-lt\cxx-framework\src\extended\proc\p18f4553.asm
                __RETVAL0   0x0000ca       data     extern E:\c18v3.46\pic18-lt\cxx-framework\src\extended\math\cmath18.asm
                __RETVAL1   0x0000cb       data     extern E:\c18v3.46\pic18-lt\cxx-framework\src\extended\math\cmath18.asm
                __RETVAL2   0x0000cc       data     extern E:\c18v3.46\pic18-lt\cxx-framework\src\extended\math\cmath18.asm
                __RETVAL3   0x0000cd       data     extern E:\c18v3.46\pic18-lt\cxx-framework\src\extended\math\cmath18.asm
                  __tmp_0   0x0000aa       data     static C:\Documents and Settings\Pedro\Escritorio\PICGraphics\SystemText.c
                  __tmp_0   0x0000aa       data     static E:\c18v3.46\pic18-lt\cxx-framework\src\extended\stdclib\vfprintf.c
                  __tmp_0   0x0000aa       data     static C:\Encoder\delay.c       
                  __tmp_0   0x0000aa       data     static C:\Encoder\main.c        
                     _sp1   0x0000bc       data     extern C:\Encoder\startup.c     
                     _sp2   0x0000be       data     extern C:\Encoder\startup.c     
                curr_byte   0x0000c3       data     static C:\Encoder\startup.c     
               curr_entry   0x0000c5       data     static C:\Encoder\startup.c     
                 data_ptr   0x0000c7       data     static C:\Encoder\startup.c     
                 g_Column   0x00000c       data     extern C:\Documents and Settings\Pedro\Escritorio\PICGraphics\AtWareGraphics.c
              g_GLCDBrush   0x000009       data     extern C:\Documents and Settings\Pedro\Escritorio\PICGraphics\AtWareGraphics.c
                g_GLCDPen   0x000008       data     extern C:\Documents and Settings\Pedro\Escritorio\PICGraphics\AtWareGraphics.c
                  g_GLCDX   0x000004       data     extern C:\Documents and Settings\Pedro\Escritorio\PICGraphics\AtWareGraphics.c
                  g_GLCDY   0x000006       data     extern C:\Documents and Settings\Pedro\Escritorio\PICGraphics\AtWareGraphics.c
                 g_Limits   0x000012       data     extern C:\Documents and Settings\Pedro\Escritorio\PICGraphics\Fill.c
                   g_Line   0x00000d       data     extern C:\Documents and Settings\Pedro\Escritorio\PICGraphics\AtWareGraphics.c
              g_MaxLimitY   0x00000f       data     extern C:\Documents and Settings\Pedro\Escritorio\PICGraphics\AtWareGraphics.c
              g_MinLimitY   0x00000e       data     extern C:\Documents and Settings\Pedro\Escritorio\PICGraphics\AtWareGraphics.c
                   g_nES1   0x000096       data     extern C:\Encoder\main.c        
                   g_nES2   0x00009a       data     extern C:\Encoder\main.c        
                   g_nES3   0x00009e       data     extern C:\Encoder\main.c        
                   g_nESB   0x000092       data     extern C:\Encoder\main.c        
                   g_nPS1   0x000098       data     extern C:\Encoder\main.c        
                   g_nPS2   0x00009c       data     extern C:\Encoder\main.c        
                   g_nPS3   0x0000a0       data     extern C:\Encoder\main.c        
                   g_nPSB   0x000094       data     extern C:\Encoder\main.c        
                 g_pLimit   0x000010       data     extern C:\Documents and Settings\Pedro\Escritorio\PICGraphics\Fill.c
  g_pfnCustomOutputMerger   0x00000a       data     extern C:\Documents and Settings\Pedro\Escritorio\PICGraphics\AtWareGraphics.c
           g_ucGLCDDataIn   0x000001       data     extern C:\Documents and Settings\Pedro\Escritorio\PICGraphics\AtWareGraphics.c
          g_ucGLCDDataOut   0x000002       data     extern C:\Documents and Settings\Pedro\Escritorio\PICGraphics\AtWareGraphics.c
         g_ucGLCDDevChild   0x000000       data     extern C:\Documents and Settings\Pedro\Escritorio\PICGraphics\AtWareGraphics.c
g_ucGLCDFlagsAndCombineOptions   0x000003       data     extern C:\Documents and Settings\Pedro\Escritorio\PICGraphics\AtWareGraphics.c
                     prom   0x0000c0       data     static C:\Encoder\startup.c     
                s_pPicCmd   0x0000d0       data     static C:\Encoder\main.c        
                   s_vtbl   0x0000ce       data     static C:\Encoder\main.c        
                   stdout   0x0000d2       data     extern E:\c18v3.46\pic18-lt\cxx-framework\src\extended\stdclib\stdout.c



                              Symbols - Sorted by Address
                     Name    Address   Location    Storage File                     
                ---------  ---------  ---------  --------- ---------                
                   _entry   0x002000    program     extern C:\Encoder\startup.c     
       ___return_lbl00000   0x002004    program     static                          
                   __init   0x002006    program     extern E:\c18v3.46\pic18-lt\cxx-framework\src\extended\stdclib\__init.c
        HighInterruptHook   0x002008    program     extern C:\Encoder\main.c        
       ___return_lbl00024   0x00200c    program     static                          
         LowInterruptHook   0x002018    program     extern C:\Encoder\main.c        
       ___return_lbl00025   0x00201c    program     static                          
                  ATGInit   0x002038    program     extern C:\Documents and Settings\Pedro\Escritorio\PICGraphics\AtWareGraphics.c
                  ATGHide   0x002064    program     extern C:\Documents and Settings\Pedro\Escritorio\PICGraphics\AtWareGraphics.c
                  ATGShow   0x00206c    program     extern C:\Documents and Settings\Pedro\Escritorio\PICGraphics\AtWareGraphics.c
                 ATGClear   0x002074    program     extern C:\Documents and Settings\Pedro\Escritorio\PICGraphics\Clear.c
         ATGScrollConsole   0x0020cc    program     extern C:\Documents and Settings\Pedro\Escritorio\PICGraphics\Console.c
        ATGConsolePutChar   0x002156    program     extern C:\Documents and Settings\Pedro\Escritorio\PICGraphics\Console.c
               ATGEllipse   0x00220a    program     extern C:\Documents and Settings\Pedro\Escritorio\PICGraphics\Ellipse.c
              ATGSetPixel   0x002524    program     extern C:\Documents and Settings\Pedro\Escritorio\PICGraphics\SetPixel.c
              ATGSetLimit   0x002592    program     extern C:\Documents and Settings\Pedro\Escritorio\PICGraphics\Fill.c
           ATGResetLimits   0x002642    program     extern C:\Documents and Settings\Pedro\Escritorio\PICGraphics\Fill.c
            ATGFillLimits   0x002682    program     extern C:\Documents and Settings\Pedro\Escritorio\PICGraphics\Fill.c
                  ATGLine   0x00270a    program     extern C:\Documents and Settings\Pedro\Escritorio\PICGraphics\Line.c
            ATGLineLimits   0x0027d0    program     extern C:\Documents and Settings\Pedro\Escritorio\PICGraphics\LineLimit.c
                  ATGPoly   0x002890    program     extern C:\Documents and Settings\Pedro\Escritorio\PICGraphics\Poly.c
               ATGPolyROM   0x0028c0    program     extern C:\Documents and Settings\Pedro\Escritorio\PICGraphics\Poly.c
 ATGWriteCombineNx8Sprite   0x00293a    program     extern C:\Documents and Settings\Pedro\Escritorio\PICGraphics\Sprite.c
     ATGSystemFontCharOut   0x002a6e    program     extern C:\Documents and Settings\Pedro\Escritorio\PICGraphics\SystemText.c
                   __pa_0   0x002b28    program     static C:\Documents and Settings\Pedro\Escritorio\PICGraphics\Ellipse.c
                   __pa_1   0x002b42    program     static C:\Documents and Settings\Pedro\Escritorio\PICGraphics\Ellipse.c
                   __pa_2   0x002b5c    program     static C:\Documents and Settings\Pedro\Escritorio\PICGraphics\Fill.c
                   __pa_3   0x002b6e    program     static C:\Documents and Settings\Pedro\Escritorio\PICGraphics\Console.c
                   __pa_4   0x002b80    program     static C:\Documents and Settings\Pedro\Escritorio\PICGraphics\Clear.c
                   __pa_5   0x002b92    program     static C:\Documents and Settings\Pedro\Escritorio\PICGraphics\Ellipse.c
                   __pa_6   0x002b9a    program     static C:\Documents and Settings\Pedro\Escritorio\PICGraphics\Fill.c
                   __pa_7   0x002ba4    program     static C:\Documents and Settings\Pedro\Escritorio\PICGraphics\Sprite.c
                   __pa_8   0x002bb0    program     static C:\Documents and Settings\Pedro\Escritorio\PICGraphics\Line.c
                   __pa_9   0x002bdc    program     static C:\Documents and Settings\Pedro\Escritorio\PICGraphics\Line.c
                  __pa_10   0x002c02    program     static C:\Documents and Settings\Pedro\Escritorio\PICGraphics\Line.c
                  __pa_11   0x002c28    program     static C:\Documents and Settings\Pedro\Escritorio\PICGraphics\LineLimit.c
                  __pa_12   0x002c3c    program     static C:\Documents and Settings\Pedro\Escritorio\PICGraphics\Fill.c
                  __pa_13   0x002c46    program     static C:\Documents and Settings\Pedro\Escritorio\PICGraphics\Poly.c
                  __pa_14   0x002c64    program     static C:\Documents and Settings\Pedro\Escritorio\PICGraphics\Ellipse.c
                  __pa_15   0x002c7c    program     static C:\Documents and Settings\Pedro\Escritorio\PICGraphics\Line.c
                  __pa_16   0x002c96    program     static C:\Documents and Settings\Pedro\Escritorio\PICGraphics\Ellipse.c
                  __pa_17   0x002cae    program     static C:\Documents and Settings\Pedro\Escritorio\PICGraphics\Ellipse.c
                  __pa_18   0x002cc4    program     static C:\Documents and Settings\Pedro\Escritorio\PICGraphics\Line.c
                  __pa_19   0x002cda    program     static C:\Documents and Settings\Pedro\Escritorio\PICGraphics\Line.c
                  __pa_20   0x002cf0    program     static C:\Documents and Settings\Pedro\Escritorio\PICGraphics\Poly.c
                  __pa_21   0x002d06    program     static C:\Documents and Settings\Pedro\Escritorio\PICGraphics\Ellipse.c
                  __pa_22   0x002d14    program     static C:\Documents and Settings\Pedro\Escritorio\PICGraphics\Ellipse.c
                  __pa_23   0x002d22    program     static C:\Documents and Settings\Pedro\Escritorio\PICGraphics\Ellipse.c
                  __pa_24   0x002d32    program     static C:\Documents and Settings\Pedro\Escritorio\PICGraphics\Ellipse.c
                  __pa_25   0x002d42    program     static C:\Documents and Settings\Pedro\Escritorio\PICGraphics\Ellipse.c
                  __pa_26   0x002d52    program     static C:\Documents and Settings\Pedro\Escritorio\PICGraphics\Ellipse.c
                  __pa_27   0x002d62    program     static C:\Documents and Settings\Pedro\Escritorio\PICGraphics\SetPixel.c
                  __pa_28   0x002d70    program     static C:\Documents and Settings\Pedro\Escritorio\PICGraphics\Fill.c
                  __pa_29   0x002d84    program     static C:\Documents and Settings\Pedro\Escritorio\PICGraphics\Ellipse.c
                  __pa_30   0x002d96    program     static C:\Documents and Settings\Pedro\Escritorio\PICGraphics\Sprite.c
                  __pa_31   0x002da2    program     static C:\Documents and Settings\Pedro\Escritorio\PICGraphics\Sprite.c
                  __pa_32   0x002dac    program     static C:\Documents and Settings\Pedro\Escritorio\PICGraphics\Ellipse.c
                  __pa_33   0x002dbc    program     static C:\Documents and Settings\Pedro\Escritorio\PICGraphics\Line.c
                  __pa_34   0x002dcc    program     static C:\Documents and Settings\Pedro\Escritorio\PICGraphics\Line.c
                  __pa_35   0x002ddc    program     static C:\Documents and Settings\Pedro\Escritorio\PICGraphics\SystemText.c
                  __pa_36   0x002dec    program     static C:\Documents and Settings\Pedro\Escritorio\PICGraphics\Ellipse.c
                  __pa_37   0x002dfa    program     static C:\Documents and Settings\Pedro\Escritorio\PICGraphics\Ellipse.c
                  __pa_38   0x002e08    program     static C:\Documents and Settings\Pedro\Escritorio\PICGraphics\Ellipse.c
                  __pa_39   0x002e16    program     static C:\Documents and Settings\Pedro\Escritorio\PICGraphics\SetPixel.c
                  __pa_40   0x002e24    program     static C:\Documents and Settings\Pedro\Escritorio\PICGraphics\Poly.c
                  __pa_41   0x002e32    program     static C:\Documents and Settings\Pedro\Escritorio\PICGraphics\Poly.c
               __tmplbl_5   0x002e32    program     static                          
                  __pa_42   0x002e3a    program     static C:\Documents and Settings\Pedro\Escritorio\PICGraphics\Ellipse.c
                  __pa_43   0x002e4a    program     static C:\Documents and Settings\Pedro\Escritorio\PICGraphics\Ellipse.c
                  __pa_44   0x002e5a    program     static C:\Documents and Settings\Pedro\Escritorio\PICGraphics\Fill.c
                  __pa_45   0x002e70    program     static C:\Documents and Settings\Pedro\Escritorio\PICGraphics\Ellipse.c
[...]
                    TRISC   0x000f94       data     extern E:\c18v3.46\pic18-lt\cxx-framework\src\extended\proc\p18f4553.asm
                 DDRDbits   0x000f95       data     extern E:\c18v3.46\pic18-lt\cxx-framework\src\extended\proc\p18f4553.asm
                     DDRD   0x000f95       data     extern E:\c18v3.46\pic18-lt\cxx-framework\src\extended\proc\p18f4553.asm
                TRISDbits   0x000f95       data     extern E:\c18v3.46\pic18-lt\cxx-framework\src\extended\proc\p18f4553.asm
                    TRISD   0x000f95       data     extern E:\c18v3.46\pic18-lt\cxx-framework\src\extended\proc\p18f4553.asm
                     DDRE   0x000f96       data     extern E:\c18v3.46\pic18-lt\cxx-framework\src\extended\proc\p18f4553.asm
                 DDREbits   0x000f96       data     extern E:\c18v3.46\pic18-lt\cxx-framework\src\extended\proc\p18f4553.asm
                TRISEbits   0x000f96       data     extern E:\c18v3.46\pic18-lt\cxx-framework\src\extended\proc\p18f4553.asm
                    TRISE   0x000f96       data     extern E:\c18v3.46\pic18-lt\cxx-framework\src\extended\proc\p18f4553.asm
              OSCTUNEbits   0x000f9b       data     extern E:\c18v3.46\pic18-lt\cxx-framework\src\extended\proc\p18f4553.asm
                  OSCTUNE   0x000f9b       data     extern E:\c18v3.46\pic18-lt\cxx-framework\src\extended\proc\p18f4553.asm
                     PIE1   0x000f9d       data     extern E:\c18v3.46\pic18-lt\cxx-framework\src\extended\proc\p18f4553.asm
                 PIE1bits   0x000f9d       data     extern E:\c18v3.46\pic18-lt\cxx-framework\src\extended\proc\p18f4553.asm
                     PIR1   0x000f9e       data     extern E:\c18v3.46\pic18-lt\cxx-framework\src\extended\proc\p18f4553.asm
                 PIR1bits   0x000f9e       data     extern E:\c18v3.46\pic18-lt\cxx-framework\src\extended\proc\p18f4553.asm
                     IPR1   0x000f9f       data     extern E:\c18v3.46\pic18-lt\cxx-framework\src\extended\proc\p18f4553.asm
                 IPR1bits   0x000f9f       data     extern E:\c18v3.46\pic18-lt\cxx-framework\src\extended\proc\p18f4553.asm
                     PIE2   0x000fa0       data     extern E:\c18v3.46\pic18-lt\cxx-framework\src\extended\proc\p18f4553.asm
                 PIE2bits   0x000fa0       data     extern E:\c18v3.46\pic18-lt\cxx-framework\src\extended\proc\p18f4553.asm
                     PIR2   0x000fa1       data     extern E:\c18v3.46\pic18-lt\cxx-framework\src\extended\proc\p18f4553.asm
                 PIR2bits   0x000fa1       data     extern E:\c18v3.46\pic18-lt\cxx-framework\src\extended\proc\p18f4553.asm
                     IPR2   0x000fa2       data     extern E:\c18v3.46\pic18-lt\cxx-framework\src\extended\proc\p18f4553.asm
                 IPR2bits   0x000fa2       data     extern E:\c18v3.46\pic18-lt\cxx-framework\src\extended\proc\p18f4553.asm
                   EECON1   0x000fa6       data     extern E:\c18v3.46\pic18-lt\cxx-framework\src\extended\proc\p18f4553.asm
               EECON1bits   0x000fa6       data     extern E:\c18v3.46\pic18-lt\cxx-framework\src\extended\proc\p18f4553.asm
                   EECON2   0x000fa7       data     extern E:\c18v3.46\pic18-lt\cxx-framework\src\extended\proc\p18f4553.asm
                   EEDATA   0x000fa8       data     extern E:\c18v3.46\pic18-lt\cxx-framework\src\extended\proc\p18f4553.asm
                    EEADR   0x000fa9       data     extern E:\c18v3.46\pic18-lt\cxx-framework\src\extended\proc\p18f4553.asm
                    RCSTA   0x000fab       data     extern E:\c18v3.46\pic18-lt\cxx-framework\src\extended\proc\p18f4553.asm
                RCSTAbits   0x000fab       data     extern E:\c18v3.46\pic18-lt\cxx-framework\src\extended\proc\p18f4553.asm
                TXSTAbits   0x000fac       data     extern E:\c18v3.46\pic18-lt\cxx-framework\src\extended\proc\p18f4553.asm
                    TXSTA   0x000fac       data     extern E:\c18v3.46\pic18-lt\cxx-framework\src\extended\proc\p18f4553.asm
                    TXREG   0x000fad       data     extern E:\c18v3.46\pic18-lt\cxx-framework\src\extended\proc\p18f4553.asm
                    RCREG   0x000fae       data     extern E:\c18v3.46\pic18-lt\cxx-framework\src\extended\proc\p18f4553.asm
                    SPBRG   0x000faf       data     extern E:\c18v3.46\pic18-lt\cxx-framework\src\extended\proc\p18f4553.asm
                   SPBRGH   0x000fb0       data     extern E:\c18v3.46\pic18-lt\cxx-framework\src\extended\proc\p18f4553.asm
                T3CONbits   0x000fb1       data     extern E:\c18v3.46\pic18-lt\cxx-framework\src\extended\proc\p18f4553.asm
                    T3CON   0x000fb1       data     extern E:\c18v3.46\pic18-lt\cxx-framework\src\extended\proc\p18f4553.asm
                    TMR3L   0x000fb2       data     extern E:\c18v3.46\pic18-lt\cxx-framework\src\extended\proc\p18f4553.asm
                    TMR3H   0x000fb3       data     extern E:\c18v3.46\pic18-lt\cxx-framework\src\extended\proc\p18f4553.asm
                    CMCON   0x000fb4       data     extern E:\c18v3.46\pic18-lt\cxx-framework\src\extended\proc\p18f4553.asm
                CMCONbits   0x000fb4       data     extern E:\c18v3.46\pic18-lt\cxx-framework\src\extended\proc\p18f4553.asm
                   CVRCON   0x000fb5       data     extern E:\c18v3.46\pic18-lt\cxx-framework\src\extended\proc\p18f4553.asm
               CVRCONbits   0x000fb5       data     extern E:\c18v3.46\pic18-lt\cxx-framework\src\extended\proc\p18f4553.asm
               CCP1ASbits   0x000fb6       data     extern E:\c18v3.46\pic18-lt\cxx-framework\src\extended\proc\p18f4553.asm
                   CCP1AS   0x000fb6       data     extern E:\c18v3.46\pic18-lt\cxx-framework\src\extended\proc\p18f4553.asm
                  ECCP1AS   0x000fb6       data     extern E:\c18v3.46\pic18-lt\cxx-framework\src\extended\proc\p18f4553.asm
              ECCP1ASbits   0x000fb6       data     extern E:\c18v3.46\pic18-lt\cxx-framework\src\extended\proc\p18f4553.asm
             ECCP1DELbits   0x000fb7       data     extern E:\c18v3.46\pic18-lt\cxx-framework\src\extended\proc\p18f4553.asm
                 ECCP1DEL   0x000fb7       data     extern E:\c18v3.46\pic18-lt\cxx-framework\src\extended\proc\p18f4553.asm
                  CCP1DEL   0x000fb7       data     extern E:\c18v3.46\pic18-lt\cxx-framework\src\extended\proc\p18f4553.asm
              CCP1DELbits   0x000fb7       data     extern E:\c18v3.46\pic18-lt\cxx-framework\src\extended\proc\p18f4553.asm
                  BAUDCON   0x000fb8       data     extern E:\c18v3.46\pic18-lt\cxx-framework\src\extended\proc\p18f4553.asm
              BAUDCONbits   0x000fb8       data     extern E:\c18v3.46\pic18-lt\cxx-framework\src\extended\proc\p18f4553.asm
                  BAUDCTL   0x000fb8       data     extern E:\c18v3.46\pic18-lt\cxx-framework\src\extended\proc\p18f4553.asm
              BAUDCTLbits   0x000fb8       data     extern E:\c18v3.46\pic18-lt\cxx-framework\src\extended\proc\p18f4553.asm
              CCP2CONbits   0x000fba       data     extern E:\c18v3.46\pic18-lt\cxx-framework\src\extended\proc\p18f4553.asm
                  CCP2CON   0x000fba       data     extern E:\c18v3.46\pic18-lt\cxx-framework\src\extended\proc\p18f4553.asm
                    CCPR2   0x000fbb       data     extern E:\c18v3.46\pic18-lt\cxx-framework\src\extended\proc\p18f4553.asm
                   CCPR2L   0x000fbb       data     extern E:\c18v3.46\pic18-lt\cxx-framework\src\extended\proc\p18f4553.asm
                   CCPR2H   0x000fbc       data     extern E:\c18v3.46\pic18-lt\cxx-framework\src\extended\proc\p18f4553.asm
              CCP1CONbits   0x000fbd       data     extern E:\c18v3.46\pic18-lt\cxx-framework\src\extended\proc\p18f4553.asm
                  CCP1CON   0x000fbd       data     extern E:\c18v3.46\pic18-lt\cxx-framework\src\extended\proc\p18f4553.asm
             ECCP1CONbits   0x000fbd       data     extern E:\c18v3.46\pic18-lt\cxx-framework\src\extended\proc\p18f4553.asm
                 ECCP1CON   0x000fbd       data     extern E:\c18v3.46\pic18-lt\cxx-framework\src\extended\proc\p18f4553.asm
                    CCPR1   0x000fbe       data     extern E:\c18v3.46\pic18-lt\cxx-framework\src\extended\proc\p18f4553.asm
                   CCPR1L   0x000fbe       data     extern E:\c18v3.46\pic18-lt\cxx-framework\src\extended\proc\p18f4553.asm
                   CCPR1H   0x000fbf       data     extern E:\c18v3.46\pic18-lt\cxx-framework\src\extended\proc\p18f4553.asm
                   ADCON2   0x000fc0       data     extern E:\c18v3.46\pic18-lt\cxx-framework\src\extended\proc\p18f4553.asm
               ADCON2bits   0x000fc0       data     extern E:\c18v3.46\pic18-lt\cxx-framework\src\extended\proc\p18f4553.asm
                   ADCON1   0x000fc1       data     extern E:\c18v3.46\pic18-lt\cxx-framework\src\extended\proc\p18f4553.asm
               ADCON1bits   0x000fc1       data     extern E:\c18v3.46\pic18-lt\cxx-framework\src\extended\proc\p18f4553.asm
                   ADCON0   0x000fc2       data     extern E:\c18v3.46\pic18-lt\cxx-framework\src\extended\proc\p18f4553.asm
               ADCON0bits   0x000fc2       data     extern E:\c18v3.46\pic18-lt\cxx-framework\src\extended\proc\p18f4553.asm
                    ADRES   0x000fc3       data     extern E:\c18v3.46\pic18-lt\cxx-framework\src\extended\proc\p18f4553.asm
                   ADRESL   0x000fc3       data     extern E:\c18v3.46\pic18-lt\cxx-framework\src\extended\proc\p18f4553.asm
                   ADRESH   0x000fc4       data     extern E:\c18v3.46\pic18-lt\cxx-framework\src\extended\proc\p18f4553.asm
                  SSPCON2   0x000fc5       data     extern E:\c18v3.46\pic18-lt\cxx-framework\src\extended\proc\p18f4553.asm
              SSPCON2bits   0x000fc5       data     extern E:\c18v3.46\pic18-lt\cxx-framework\src\extended\proc\p18f4553.asm
              SSPCON1bits   0x000fc6       data     extern E:\c18v3.46\pic18-lt\cxx-framework\src\extended\proc\p18f4553.asm
                  SSPCON1   0x000fc6       data     extern E:\c18v3.46\pic18-lt\cxx-framework\src\extended\proc\p18f4553.asm
                  SSPSTAT   0x000fc7       data     extern E:\c18v3.46\pic18-lt\cxx-framework\src\extended\proc\p18f4553.asm
              SSPSTATbits   0x000fc7       data     extern E:\c18v3.46\pic18-lt\cxx-framework\src\extended\proc\p18f4553.asm
                   SSPADD   0x000fc8       data     extern E:\c18v3.46\pic18-lt\cxx-framework\src\extended\proc\p18f4553.asm
                   SSPBUF   0x000fc9       data     extern E:\c18v3.46\pic18-lt\cxx-framework\src\extended\proc\p18f4553.asm
                    T2CON   0x000fca       data     extern E:\c18v3.46\pic18-lt\cxx-framework\src\extended\proc\p18f4553.asm
                T2CONbits   0x000fca       data     extern E:\c18v3.46\pic18-lt\cxx-framework\src\extended\proc\p18f4553.asm
                      PR2   0x000fcb       data     extern E:\c18v3.46\pic18-lt\cxx-framework\src\extended\proc\p18f4553.asm
                     TMR2   0x000fcc       data     extern E:\c18v3.46\pic18-lt\cxx-framework\src\extended\proc\p18f4553.asm
                T1CONbits   0x000fcd       data     extern E:\c18v3.46\pic18-lt\cxx-framework\src\extended\proc\p18f4553.asm
                    T1CON   0x000fcd       data     extern E:\c18v3.46\pic18-lt\cxx-framework\src\extended\proc\p18f4553.asm
                    TMR1L   0x000fce       data     extern E:\c18v3.46\pic18-lt\cxx-framework\src\extended\proc\p18f4553.asm
                    TMR1H   0x000fcf       data     extern E:\c18v3.46\pic18-lt\cxx-framework\src\extended\proc\p18f4553.asm
                     RCON   0x000fd0       data     extern E:\c18v3.46\pic18-lt\cxx-framework\src\extended\proc\p18f4553.asm
                 RCONbits   0x000fd0       data     extern E:\c18v3.46\pic18-lt\cxx-framework\src\extended\proc\p18f4553.asm
                   WDTCON   0x000fd1       data     extern E:\c18v3.46\pic18-lt\cxx-framework\src\extended\proc\p18f4553.asm
               WDTCONbits   0x000fd1       data     extern E:\c18v3.46\pic18-lt\cxx-framework\src\extended\proc\p18f4553.asm
              HLVDCONbits   0x000fd2       data     extern E:\c18v3.46\pic18-lt\cxx-framework\src\extended\proc\p18f4553.asm
                  HLVDCON   0x000fd2       data     extern E:\c18v3.46\pic18-lt\cxx-framework\src\extended\proc\p18f4553.asm
                   LVDCON   0x000fd2       data     extern E:\c18v3.46\pic18-lt\cxx-framework\src\extended\proc\p18f4553.asm
               LVDCONbits   0x000fd2       data     extern E:\c18v3.46\pic18-lt\cxx-framework\src\extended\proc\p18f4553.asm
                   OSCCON   0x000fd3       data     extern E:\c18v3.46\pic18-lt\cxx-framework\src\extended\proc\p18f4553.asm
               OSCCONbits   0x000fd3       data     extern E:\c18v3.46\pic18-lt\cxx-framework\src\extended\proc\p18f4553.asm
                T0CONbits   0x000fd5       data     extern E:\c18v3.46\pic18-lt\cxx-framework\src\extended\proc\p18f4553.asm
                    T0CON   0x000fd5       data     extern E:\c18v3.46\pic18-lt\cxx-framework\src\extended\proc\p18f4553.asm
                    TMR0L   0x000fd6       data     extern E:\c18v3.46\pic18-lt\cxx-framework\src\extended\proc\p18f4553.asm
                    TMR0H   0x000fd7       data     extern E:\c18v3.46\pic18-lt\cxx-framework\src\extended\proc\p18f4553.asm
                   STATUS   0x000fd8       data     extern E:\c18v3.46\pic18-lt\cxx-framework\src\extended\proc\p18f4553.asm
               STATUSbits   0x000fd8       data     extern E:\c18v3.46\pic18-lt\cxx-framework\src\extended\proc\p18f4553.asm
                    FSR2L   0x000fd9       data     extern E:\c18v3.46\pic18-lt\cxx-framework\src\extended\proc\p18f4553.asm
                     FSR2   0x000fd9       data     extern E:\c18v3.46\pic18-lt\cxx-framework\src\extended\proc\p18f4553.asm
                    FSR2H   0x000fda       data     extern E:\c18v3.46\pic18-lt\cxx-framework\src\extended\proc\p18f4553.asm
                   PLUSW2   0x000fdb       data     extern E:\c18v3.46\pic18-lt\cxx-framework\src\extended\proc\p18f4553.asm
                  PREINC2   0x000fdc       data     extern E:\c18v3.46\pic18-lt\cxx-framework\src\extended\proc\p18f4553.asm
                 POSTDEC2   0x000fdd       data     extern E:\c18v3.46\pic18-lt\cxx-framework\src\extended\proc\p18f4553.asm
                 POSTINC2   0x000fde       data     extern E:\c18v3.46\pic18-lt\cxx-framework\src\extended\proc\p18f4553.asm
                    INDF2   0x000fdf       data     extern E:\c18v3.46\pic18-lt\cxx-framework\src\extended\proc\p18f4553.asm
                      BSR   0x000fe0       data     extern E:\c18v3.46\pic18-lt\cxx-framework\src\extended\proc\p18f4553.asm
                    FSR1L   0x000fe1       data     extern E:\c18v3.46\pic18-lt\cxx-framework\src\extended\proc\p18f4553.asm
                     FSR1   0x000fe1       data     extern E:\c18v3.46\pic18-lt\cxx-framework\src\extended\proc\p18f4553.asm
                    FSR1H   0x000fe2       data     extern E:\c18v3.46\pic18-lt\cxx-framework\src\extended\proc\p18f4553.asm
                   PLUSW1   0x000fe3       data     extern E:\c18v3.46\pic18-lt\cxx-framework\src\extended\proc\p18f4553.asm
                  PREINC1   0x000fe4       data     extern E:\c18v3.46\pic18-lt\cxx-framework\src\extended\proc\p18f4553.asm
                 POSTDEC1   0x000fe5       data     extern E:\c18v3.46\pic18-lt\cxx-framework\src\extended\proc\p18f4553.asm
                 POSTINC1   0x000fe6       data     extern E:\c18v3.46\pic18-lt\cxx-framework\src\extended\proc\p18f4553.asm
                    INDF1   0x000fe7       data     extern E:\c18v3.46\pic18-lt\cxx-framework\src\extended\proc\p18f4553.asm
                     WREG   0x000fe8       data     extern E:\c18v3.46\pic18-lt\cxx-framework\src\extended\proc\p18f4553.asm
                    FSR0L   0x000fe9       data     extern E:\c18v3.46\pic18-lt\cxx-framework\src\extended\proc\p18f4553.asm
                     FSR0   0x000fe9       data     extern E:\c18v3.46\pic18-lt\cxx-framework\src\extended\proc\p18f4553.asm
                    FSR0H   0x000fea       data     extern E:\c18v3.46\pic18-lt\cxx-framework\src\extended\proc\p18f4553.asm
                   PLUSW0   0x000feb       data     extern E:\c18v3.46\pic18-lt\cxx-framework\src\extended\proc\p18f4553.asm
                  PREINC0   0x000fec       data     extern E:\c18v3.46\pic18-lt\cxx-framework\src\extended\proc\p18f4553.asm
                 POSTDEC0   0x000fed       data     extern E:\c18v3.46\pic18-lt\cxx-framework\src\extended\proc\p18f4553.asm
                 POSTINC0   0x000fee       data     extern E:\c18v3.46\pic18-lt\cxx-framework\src\extended\proc\p18f4553.asm
                    INDF0   0x000fef       data     extern E:\c18v3.46\pic18-lt\cxx-framework\src\extended\proc\p18f4553.asm
              INTCON3bits   0x000ff0       data     extern E:\c18v3.46\pic18-lt\cxx-framework\src\extended\proc\p18f4553.asm
                  INTCON3   0x000ff0       data     extern E:\c18v3.46\pic18-lt\cxx-framework\src\extended\proc\p18f4553.asm
                  INTCON2   0x000ff1       data     extern E:\c18v3.46\pic18-lt\cxx-framework\src\extended\proc\p18f4553.asm
              INTCON2bits   0x000ff1       data     extern E:\c18v3.46\pic18-lt\cxx-framework\src\extended\proc\p18f4553.asm
               INTCONbits   0x000ff2       data     extern E:\c18v3.46\pic18-lt\cxx-framework\src\extended\proc\p18f4553.asm
                   INTCON   0x000ff2       data     extern E:\c18v3.46\pic18-lt\cxx-framework\src\extended\proc\p18f4553.asm
                     PROD   0x000ff3       data     extern E:\c18v3.46\pic18-lt\cxx-framework\src\extended\proc\p18f4553.asm
                    PRODL   0x000ff3       data     extern E:\c18v3.46\pic18-lt\cxx-framework\src\extended\proc\p18f4553.asm
                    PRODH   0x000ff4       data     extern E:\c18v3.46\pic18-lt\cxx-framework\src\extended\proc\p18f4553.asm
                   TABLAT   0x000ff5       data     extern E:\c18v3.46\pic18-lt\cxx-framework\src\extended\proc\p18f4553.asm
                  TBLPTRL   0x000ff6       data     extern E:\c18v3.46\pic18-lt\cxx-framework\src\extended\proc\p18f4553.asm
                   TBLPTR   0x000ff6       data     extern E:\c18v3.46\pic18-lt\cxx-framework\src\extended\proc\p18f4553.asm
                  TBLPTRH   0x000ff7       data     extern E:\c18v3.46\pic18-lt\cxx-framework\src\extended\proc\p18f4553.asm
                  TBLPTRU   0x000ff8       data     extern E:\c18v3.46\pic18-lt\cxx-framework\src\extended\proc\p18f4553.asm
                       PC   0x000ff9       data     extern E:\c18v3.46\pic18-lt\cxx-framework\src\extended\proc\p18f4553.asm
                      PCL   0x000ff9       data     extern E:\c18v3.46\pic18-lt\cxx-framework\src\extended\proc\p18f4553.asm
                   PCLATH   0x000ffa       data     extern E:\c18v3.46\pic18-lt\cxx-framework\src\extended\proc\p18f4553.asm
                   PCLATU   0x000ffb       data     extern E:\c18v3.46\pic18-lt\cxx-framework\src\extended\proc\p18f4553.asm
               STKPTRbits   0x000ffc       data     extern E:\c18v3.46\pic18-lt\cxx-framework\src\extended\proc\p18f4553.asm
                   STKPTR   0x000ffc       data     extern E:\c18v3.46\pic18-lt\cxx-framework\src\extended\proc\p18f4553.asm
                      TOS   0x000ffd       data     extern E:\c18v3.46\pic18-lt\cxx-framework\src\extended\proc\p18f4553.asm
                     TOSL   0x000ffd       data     extern E:\c18v3.46\pic18-lt\cxx-framework\src\extended\proc\p18f4553.asm
                     TOSH   0x000ffe       data     extern E:\c18v3.46\pic18-lt\cxx-framework\src\extended\proc\p18f4553.asm
                     TOSU   0x000fff       data     extern E:\c18v3.46\pic18-lt\cxx-framework\src\extended\proc\p18f4553.asm


